Component: ARM Compiler 5.06 update 6 (build 750) Tool: armlink [4d35ed]

==============================================================================

Section Cross References

    startup_stm32f746xx.o(RESET) refers to startup_stm32f746xx.o(STACK) for __initial_sp
    startup_stm32f746xx.o(RESET) refers to startup_stm32f746xx.o(.text) for Reset_Handler
    startup_stm32f746xx.o(RESET) refers to stm32f7xx_it.o(i.NMI_Handler) for NMI_Handler
    startup_stm32f746xx.o(RESET) refers to stm32f7xx_it.o(i.HardFault_Handler) for HardFault_Handler
    startup_stm32f746xx.o(RESET) refers to stm32f7xx_it.o(i.MemManage_Handler) for MemManage_Handler
    startup_stm32f746xx.o(RESET) refers to stm32f7xx_it.o(i.BusFault_Handler) for BusFault_Handler
    startup_stm32f746xx.o(RESET) refers to stm32f7xx_it.o(i.UsageFault_Handler) for UsageFault_Handler
    startup_stm32f746xx.o(RESET) refers to port.o(.emb_text) for SVC_Handler
    startup_stm32f746xx.o(RESET) refers to stm32f7xx_it.o(i.DebugMon_Handler) for DebugMon_Handler
    startup_stm32f746xx.o(RESET) refers to port.o(i.SysTick_Handler) for SysTick_Handler
    startup_stm32f746xx.o(RESET) refers to stm32f7xx_it.o(i.TIM2_IRQHandler) for TIM2_IRQHandler
    startup_stm32f746xx.o(RESET) refers to stm32f7xx_it.o(i.OTG_FS_IRQHandler) for OTG_FS_IRQHandler
    startup_stm32f746xx.o(.text) refers to system_stm32f7xx.o(i.SystemInit) for SystemInit
    startup_stm32f746xx.o(.text) refers to entry.o(.ARM.Collect$$$$00000000) for __main
    vtask_list.o(i.wTask_LED) refers to stm32f7xx_hal_gpio.o(i.HAL_GPIO_TogglePin) for HAL_GPIO_TogglePin
    vtask_list.o(i.wTask_LED) refers to tasks.o(i.vTaskDelay) for vTaskDelay
    vtask_list.o(i.wTask_MotorCtr) refers to stm32f7xx_hal_spi.o(i.HAL_SPI_Transmit) for HAL_SPI_Transmit
    vtask_list.o(i.wTask_MotorCtr) refers to stm32f7xx_hal_spi.o(i.HAL_SPI_Receive) for HAL_SPI_Receive
    vtask_list.o(i.wTask_MotorCtr) refers to tasks.o(i.vTaskDelay) for vTaskDelay
    vtask_list.o(i.wTask_MotorCtr) refers to main.o(.data) for wTxData
    vtask_list.o(i.wTask_MotorCtr) refers to main.o(.bss) for hspi5
    vtask_list.o(i.wTask_MotorCtr) refers to main.o(.data) for wRxData
    vtask_list.o(i.wTask_USB_FS) refers to stm32f7xx_hal_gpio.o(i.HAL_GPIO_ReadPin) for HAL_GPIO_ReadPin
    vtask_list.o(i.wTask_USB_FS) refers to tasks.o(i.vTaskDelay) for vTaskDelay
    vtask_list.o(i.wTask_USB_FS) refers to usbd_cdc_if.o(i.CDC_Transmit_FS) for CDC_Transmit_FS
    vtask_list.o(i.wTask_USB_FS) refers to main.o(.data) for wCommand_buff
    main.o(i.CDC_ReceiveCallBack) refers to usbd_cdc_if.o(i.CDC_Transmit_FS) for CDC_Transmit_FS
    main.o(i.CDC_ReceiveCallBack) refers to stm32f7xx_hal.o(i.HAL_Delay) for HAL_Delay
    main.o(i.CDC_ReceiveCallBack) refers to memseta.o(.text) for __aeabi_memclr
    main.o(i.CDC_ReceiveCallBack) refers to main.o(.data) for .data
    main.o(i.HAL_TIM_PeriodElapsedCallback) refers to stm32f7xx_hal.o(i.HAL_IncTick) for HAL_IncTick
    main.o(i.MX_GPIO_Init) refers to memseta.o(.text) for __aeabi_memclr4
    main.o(i.MX_GPIO_Init) refers to stm32f7xx_hal_gpio.o(i.HAL_GPIO_WritePin) for HAL_GPIO_WritePin
    main.o(i.MX_GPIO_Init) refers to stm32f7xx_hal_gpio.o(i.HAL_GPIO_Init) for HAL_GPIO_Init
    main.o(i.MX_SPI5_Init) refers to stm32f7xx_hal_spi.o(i.HAL_SPI_Init) for HAL_SPI_Init
    main.o(i.MX_SPI5_Init) refers to main.o(.bss) for .bss
    main.o(i.StartDefaultTask) refers to usb_device.o(i.MX_USB_DEVICE_Init) for MX_USB_DEVICE_Init
    main.o(i.StartDefaultTask) refers to cmsis_os.o(i.osDelay) for osDelay
    main.o(i.SystemClock_Config) refers to memseta.o(.text) for __aeabi_memclr4
    main.o(i.SystemClock_Config) refers to stm32f7xx_hal_pwr.o(i.HAL_PWR_EnableBkUpAccess) for HAL_PWR_EnableBkUpAccess
    main.o(i.SystemClock_Config) refers to stm32f7xx_hal_rcc.o(i.HAL_RCC_OscConfig) for HAL_RCC_OscConfig
    main.o(i.SystemClock_Config) refers to stm32f7xx_hal_pwr_ex.o(i.HAL_PWREx_EnableOverDrive) for HAL_PWREx_EnableOverDrive
    main.o(i.SystemClock_Config) refers to stm32f7xx_hal_rcc.o(i.HAL_RCC_ClockConfig) for HAL_RCC_ClockConfig
    main.o(i.SystemClock_Config) refers to stm32f7xx_hal_rcc_ex.o(i.HAL_RCCEx_PeriphCLKConfig) for HAL_RCCEx_PeriphCLKConfig
    main.o(i.SystemClock_Config) refers to stm32f7xx_hal_rcc.o(i.HAL_RCC_MCOConfig) for HAL_RCC_MCOConfig
    main.o(i.main) refers to stm32f7xx_hal.o(i.HAL_Init) for HAL_Init
    main.o(i.main) refers to main.o(i.SystemClock_Config) for SystemClock_Config
    main.o(i.main) refers to main.o(i.MX_GPIO_Init) for MX_GPIO_Init
    main.o(i.main) refers to main.o(i.MX_SPI5_Init) for MX_SPI5_Init
    main.o(i.main) refers to queue.o(i.xQueueGenericCreate) for xQueueGenericCreate
    main.o(i.main) refers to memcpya.o(.text) for __aeabi_memcpy4
    main.o(i.main) refers to cmsis_os.o(i.osThreadCreate) for osThreadCreate
    main.o(i.main) refers to tasks.o(i.xTaskCreate) for xTaskCreate
[...]
    i.USB_ReadDevAllOutEpInterrupt           0x08004338   Section        0  stm32f7xx_ll_usb.o(i.USB_ReadDevAllOutEpInterrupt)
    i.USB_ReadDevInEPInterrupt               0x08004346   Section        0  stm32f7xx_ll_usb.o(i.USB_ReadDevInEPInterrupt)
    i.USB_ReadDevOutEPInterrupt              0x0800436a   Section        0  stm32f7xx_ll_usb.o(i.USB_ReadDevOutEPInterrupt)
    i.USB_ReadInterrupts                     0x0800437a   Section        0  stm32f7xx_ll_usb.o(i.USB_ReadInterrupts)
    i.USB_ReadPacket                         0x08004382   Section        0  stm32f7xx_ll_usb.o(i.USB_ReadPacket)
    i.USB_SetCurrentMode                     0x0800439e   Section        0  stm32f7xx_ll_usb.o(i.USB_SetCurrentMode)
    i.USB_SetDevAddress                      0x080043cc   Section        0  stm32f7xx_ll_usb.o(i.USB_SetDevAddress)
    i.USB_SetTurnaroundTime                  0x080043f0   Section        0  stm32f7xx_ll_usb.o(i.USB_SetTurnaroundTime)
    i.USB_WritePacket                        0x080044d8   Section        0  stm32f7xx_ll_usb.o(i.USB_WritePacket)
    i.UsageFault_Handler                     0x080044fc   Section        0  stm32f7xx_it.o(i.UsageFault_Handler)
    i.__NVIC_SetPriority                     0x080044fe   Section        0  stm32f7xx_hal_cortex.o(i.__NVIC_SetPriority)
    __NVIC_SetPriority                       0x080044ff   Thumb Code    34  stm32f7xx_hal_cortex.o(i.__NVIC_SetPriority)
    i.__scatterload_copy                     0x08004520   Section       14  handlers.o(i.__scatterload_copy)
    i.__scatterload_null                     0x0800452e   Section        2  handlers.o(i.__scatterload_null)
    i.__scatterload_zeroinit                 0x08004530   Section       14  handlers.o(i.__scatterload_zeroinit)
    i.free                                   0x08004540   Section        0  malloc.o(i.free)
    i.main                                   0x08004590   Section        0  main.o(i.main)
    i.makeFreeRtosPriority                   0x0800465c   Section        0  cmsis_os.o(i.makeFreeRtosPriority)
    makeFreeRtosPriority                     0x0800465d   Thumb Code    14  cmsis_os.o(i.makeFreeRtosPriority)
    i.malloc                                 0x0800466c   Section        0  malloc.o(i.malloc)
    i.osDelay                                0x080046d8   Section        0  cmsis_os.o(i.osDelay)
    i.osKernelStart                          0x080046e6   Section        0  cmsis_os.o(i.osKernelStart)
    i.osThreadCreate                         0x080046f0   Section        0  cmsis_os.o(i.osThreadCreate)
    i.prvAddCurrentTaskToDelayedList         0x08004744   Section        0  tasks.o(i.prvAddCurrentTaskToDelayedList)
    prvAddCurrentTaskToDelayedList           0x08004745   Thumb Code   102  tasks.o(i.prvAddCurrentTaskToDelayedList)
    i.prvAddNewTaskToReadyList               0x080047b4   Section        0  tasks.o(i.prvAddNewTaskToReadyList)
    prvAddNewTaskToReadyList                 0x080047b5   Thumb Code   194  tasks.o(i.prvAddNewTaskToReadyList)
    i.prvDeleteTCB                           0x08004884   Section        0  tasks.o(i.prvDeleteTCB)
    prvDeleteTCB                             0x08004885   Thumb Code    56  tasks.o(i.prvDeleteTCB)
    i.prvHeapInit                            0x080048bc   Section        0  heap_4.o(i.prvHeapInit)
    prvHeapInit                              0x080048bd   Thumb Code    70  heap_4.o(i.prvHeapInit)
    i.prvIdleTask                            0x0800490c   Section        0  tasks.o(i.prvIdleTask)
    prvIdleTask                              0x0800490d   Thumb Code    82  tasks.o(i.prvIdleTask)
    i.prvInitialiseNewQueue                  0x0800496c   Section        0  queue.o(i.prvInitialiseNewQueue)
    prvInitialiseNewQueue                    0x0800496d   Thumb Code    22  queue.o(i.prvInitialiseNewQueue)
    i.prvInitialiseNewTask                   0x08004982   Section        0  tasks.o(i.prvInitialiseNewTask)
    prvInitialiseNewTask                     0x08004983   Thumb Code   158  tasks.o(i.prvInitialiseNewTask)
    i.prvInsertBlockIntoFreeList             0x08004a20   Section        0  heap_4.o(i.prvInsertBlockIntoFreeList)
    prvInsertBlockIntoFreeList               0x08004a21   Thumb Code    72  heap_4.o(i.prvInsertBlockIntoFreeList)
    i.prvResetNextTaskUnblockTime            0x08004a6c   Section        0  tasks.o(i.prvResetNextTaskUnblockTime)
    prvResetNextTaskUnblockTime              0x08004a6d   Thumb Code    26  tasks.o(i.prvResetNextTaskUnblockTime)
    i.prvTaskExitError                       0x08004a8c   Section        0  port.o(i.prvTaskExitError)
    prvTaskExitError                         0x08004a8d   Thumb Code    42  port.o(i.prvTaskExitError)
    i.pvPortMalloc                           0x08004abc   Section        0  heap_4.o(i.pvPortMalloc)
    i.pxPortInitialiseStack                  0x08004ba0   Section        0  port.o(i.pxPortInitialiseStack)
    i.uxListRemove                           0x08004bd0   Section        0  list.o(i.uxListRemove)
    i.vApplicationGetIdleTaskMemory          0x08004bf8   Section        0  freertos.o(i.vApplicationGetIdleTaskMemory)
    i.vListInitialise                        0x08004c10   Section        0  list.o(i.vListInitialise)
    i.vListInitialiseItem                    0x08004c26   Section        0  list.o(i.vListInitialiseItem)
    i.vListInsert                            0x08004c2c   Section        0  list.o(i.vListInsert)
    i.vListInsertEnd                         0x08004c5c   Section        0  list.o(i.vListInsertEnd)
    i.vPortEnterCritical                     0x08004c74   Section        0  port.o(i.vPortEnterCritical)
    i.vPortExitCritical                      0x08004cbc   Section        0  port.o(i.vPortExitCritical)
    i.vPortFree                              0x08004ce8   Section        0  heap_4.o(i.vPortFree)
    i.vPortSetupTimerInterrupt               0x08004d4c   Section        0  port.o(i.vPortSetupTimerInterrupt)
    i.vTaskDelay                             0x08004d70   Section        0  tasks.o(i.vTaskDelay)
    i.vTaskStartScheduler                    0x08004dc0   Section        0  tasks.o(i.vTaskStartScheduler)
    i.vTaskSuspendAll                        0x08004e30   Section        0  tasks.o(i.vTaskSuspendAll)
    i.vTaskSwitchContext                     0x08004e40   Section        0  tasks.o(i.vTaskSwitchContext)
    i.wTask_LED                              0x08004ea0   Section        0  vtask_list.o(i.wTask_LED)
    i.wTask_MotorCtr                         0x08004ebc   Section        0  vtask_list.o(i.wTask_MotorCtr)
    i.wTask_USB_FS                           0x08004f08   Section        0  vtask_list.o(i.wTask_USB_FS)
    i.xPortStartScheduler                    0x08004f40   Section        0  port.o(i.xPortStartScheduler)
    i.xQueueGenericCreate                    0x08005000   Section        0  queue.o(i.xQueueGenericCreate)
    i.xQueueGenericReset                     0x0800504c   Section        0  queue.o(i.xQueueGenericReset)
    i.xTaskCreate                            0x080050e4   Section        0  tasks.o(i.xTaskCreate)
    i.xTaskCreateStatic                      0x0800513e   Section        0  tasks.o(i.xTaskCreateStatic)
    i.xTaskIncrementTick                     0x0800519c   Section        0  tasks.o(i.xTaskIncrementTick)
    i.xTaskRemoveFromEventList               0x08005268   Section        0  tasks.o(i.xTaskRemoveFromEventList)
    i.xTaskResumeAll                         0x080052e0   Section        0  tasks.o(i.xTaskResumeAll)
    .constdata                               0x080053a8   Section       28  main.o(.constdata)
    .constdata                               0x080053c4   Section       16  system_stm32f7xx.o(.constdata)
    .constdata                               0x080053d4   Section        8  system_stm32f7xx.o(.constdata)
    .conststring                             0x080053dc   Section       12  main.o(.conststring)
    .data                                    0x20000000   Section       77  main.o(.data)
    .data                                    0x2000004d   Section        5  main.o(.data)
    .data                                    0x20000054   Section       32  usbd_desc.o(.data)
    .data                                    0x20000074   Section       62  usbd_desc.o(.data)
    .data                                    0x200000b4   Section       20  usbd_cdc_if.o(.data)
    .data                                    0x200000c8   Section       12  stm32f7xx_hal.o(.data)
    .data                                    0x200000d4   Section        4  system_stm32f7xx.o(.data)
    .data                                    0x200000d8   Section       60  tasks.o(.data)
    pxDelayedTaskList                        0x200000dc   Data           4  tasks.o(.data)
    pxOverflowDelayedTaskList                0x200000e0   Data           4  tasks.o(.data)
    uxDeletedTasksWaitingCleanUp             0x200000e4   Data           4  tasks.o(.data)
    uxCurrentNumberOfTasks                   0x200000e8   Data           4  tasks.o(.data)
    xTickCount                               0x200000ec   Data           4  tasks.o(.data)
    uxTopReadyPriority                       0x200000f0   Data           4  tasks.o(.data)
    xSchedulerRunning                        0x200000f4   Data           4  tasks.o(.data)
    uxPendedTicks                            0x200000f8   Data           4  tasks.o(.data)
    xYieldPending                            0x200000fc   Data           4  tasks.o(.data)
    xNumOfOverflows                          0x20000100   Data           4  tasks.o(.data)
    uxTaskNumber                             0x20000104   Data           4  tasks.o(.data)
    xNextTaskUnblockTime                     0x20000108   Data           4  tasks.o(.data)
    xIdleTaskHandle                          0x2000010c   Data           4  tasks.o(.data)
    uxSchedulerSuspended                     0x20000110   Data           4  tasks.o(.data)
    .data                                    0x20000114   Section       24  heap_4.o(.data)
    pxEnd                                    0x20000114   Data           4  heap_4.o(.data)
    xFreeBytesRemaining                      0x20000118   Data           4  heap_4.o(.data)
    xMinimumEverFreeBytesRemaining           0x2000011c   Data           4  heap_4.o(.data)
    xBlockAllocatedBit                       0x20000120   Data           4  heap_4.o(.data)
    xStart                                   0x20000124   Data           8  heap_4.o(.data)
    .data                                    0x2000012c   Section       12  port.o(.data)
    ucMaxSysCallPriority                     0x2000012c   Data           1  port.o(.data)
    uxCriticalNesting                        0x20000130   Data           4  port.o(.data)
    ulMaxPRIGROUPValue                       0x20000134   Data           4  port.o(.data)
    .data                                    0x20000138   Section        1  usbd_ctlreq.o(.data)
    cfgidx                                   0x20000138   Data           1  usbd_ctlreq.o(.data)
    .data                                    0x2000013c   Section      215  usbd_cdc.o(.data)
    USBD_CDC_DeviceQualifierDesc             0x2000013c   Data          10  usbd_cdc.o(.data)
    USBD_CDC_CfgHSDesc                       0x20000148   Data          67  usbd_cdc.o(.data)
    USBD_CDC_CfgFSDesc                       0x2000018c   Data          67  usbd_cdc.o(.data)
    USBD_CDC_OtherSpeedCfgDesc               0x200001d0   Data          67  usbd_cdc.o(.data)
    .data                                    0x20000214   Section       56  usbd_cdc.o(.data)
    .data                                    0x2000024c   Section        4  mvars.o(.data)
    .data                                    0x20000250   Section        4  mvars.o(.data)
    .bss                                     0x20000254   Section      100  main.o(.bss)
    .bss                                     0x200002b8   Section      596  freertos.o(.bss)
    xIdleTaskTCBBuffer                       0x200002b8   Data          84  freertos.o(.bss)
    xIdleStack                               0x2000030c   Data         512  freertos.o(.bss)
    .bss                                     0x2000050c   Section      720  usb_device.o(.bss)
    .bss                                     0x200007dc   Section     1028  usbd_conf.o(.bss)
    .bss                                     0x20000be0   Section      512  usbd_desc.o(.bss)
    .bss                                     0x20000de0   Section     4096  usbd_cdc_if.o(.bss)
    .bss                                     0x20001de0   Section       64  stm32f7xx_hal_timebase_tim.o(.bss)
    .bss                                     0x20001e20   Section      240  tasks.o(.bss)
    pxReadyTasksLists                        0x20001e20   Data         140  tasks.o(.bss)
    xDelayedTaskList1                        0x20001eac   Data          20  tasks.o(.bss)
    xDelayedTaskList2                        0x20001ec0   Data          20  tasks.o(.bss)
    xPendingReadyList                        0x20001ed4   Data          20  tasks.o(.bss)
    xTasksWaitingTermination                 0x20001ee8   Data          20  tasks.o(.bss)
    xSuspendedTaskList                       0x20001efc   Data          20  tasks.o(.bss)
    .bss                                     0x20001f10   Section    15360  heap_4.o(.bss)
    ucHeap                                   0x20001f10   Data       15360  heap_4.o(.bss)
    HEAP                                     0x20005b10   Section     8192  startup_stm32f746xx.o(HEAP)
    STACK                                    0x20007b10   Section    16384  startup_stm32f746xx.o(STACK)

    Global Symbols

    Symbol Name                              Value     Ov Type        Size  Object(Section)

    BuildAttributes$$THM_ISAv4$E$P$D$K$B$S$7EM$VFPi5$EXTD16$VFPS$VFMA$PE$PLD8$A:L22UL41UL21$X:L11$S22US41US21$IEEE1$IW$USESV6$~STKCKD$USESV7$~SHL$OSPACE$EBA8$MICROLIB$REQ8$PRES8$EABIv2 0x00000000   Number         0  anon$$obj.o ABSOLUTE
    __ARM_use_no_argv                        0x00000000   Number         0  main.o ABSOLUTE
    __cpp_initialize__aeabi_                  - Undefined Weak Reference
    __cxa_finalize                            - Undefined Weak Reference
    _clock_init                               - Undefined Weak Reference
    _microlib_exit                            - Undefined Weak Reference
    __Vectors_Size                           0x000001c8   Number         0  startup_stm32f746xx.o ABSOLUTE
    __Vectors                                0x08000000   Data           4  startup_stm32f746xx.o(RESET)
    __Vectors_End                            0x080001c8   Data           0  startup_stm32f746xx.o(RESET)
    __main                                   0x080001c9   Thumb Code     0  entry.o(.ARM.Collect$$$$00000000)
    _main_stk                                0x080001c9   Thumb Code     0  entry2.o(.ARM.Collect$$$$00000001)
    _main_scatterload                        0x080001cd   Thumb Code     0  entry5.o(.ARM.Collect$$$$00000004)
    __main_after_scatterload                 0x080001d1   Thumb Code     0  entry5.o(.ARM.Collect$$$$00000004)
    _main_clock                              0x080001d1   Thumb Code     0  entry7b.o(.ARM.Collect$$$$00000008)
    _main_cpp_init                           0x080001d1   Thumb Code     0  entry8b.o(.ARM.Collect$$$$0000000A)
    _main_init                               0x080001d1   Thumb Code     0  entry9a.o(.ARM.Collect$$$$0000000B)
    __rt_final_cpp                           0x080001d9   Thumb Code     0  entry10a.o(.ARM.Collect$$$$0000000D)
    __rt_final_exit                          0x080001d9   Thumb Code     0  entry11a.o(.ARM.Collect$$$$0000000F)
    SVC_Handler                              0x080001dd   Thumb Code    28  port.o(.emb_text)
    __asm___6_port_c_39a90d8d__prvStartFirstTask 0x080001fd   Thumb Code    36  port.o(.emb_text)
    __asm___6_port_c_39a90d8d__prvEnableVFP  0x08000225   Thumb Code    16  port.o(.emb_text)
    PendSV_Handler                           0x08000239   Thumb Code    92  port.o(.emb_text)
    vPortGetIPSR                             0x08000299   Thumb Code     6  port.o(.emb_text)
    Reset_Handler                            0x080002a1   Thumb Code     8  startup_stm32f746xx.o(.text)
    ADC_IRQHandler                           0x080002bb   Thumb Code     0  startup_stm32f746xx.o(.text)
    CAN1_RX0_IRQHandler                      0x080002bb   Thumb Code     0  startup_stm32f746xx.o(.text)
    CAN1_RX1_IRQHandler                      0x080002bb   Thumb Code     0  startup_stm32f746xx.o(.text)
    CAN1_SCE_IRQHandler                      0x080002bb   Thumb Code     0  startup_stm32f746xx.o(.text)
    CAN1_TX_IRQHandler                       0x080002bb   Thumb Code     0  startup_stm32f746xx.o(.text)
    CAN2_RX0_IRQHandler                      0x080002bb   Thumb Code     0  startup_stm32f746xx.o(.text)
    CAN2_RX1_IRQHandler                      0x080002bb   Thumb Code     0  startup_stm32f746xx.o(.text)
    CAN2_SCE_IRQHandler                      0x080002bb   Thumb Code     0  startup_stm32f746xx.o(.text)
    CAN2_TX_IRQHandler                       0x080002bb   Thumb Code     0  startup_stm32f746xx.o(.text)
    CEC_IRQHandler                           0x080002bb   Thumb Code     0  startup_stm32f746xx.o(.text)
    DCMI_IRQHandler                          0x080002bb   Thumb Code     0  startup_stm32f746xx.o(.text)
    DMA1_Stream0_IRQHandler                  0x080002bb   Thumb Code     0  startup_stm32f746xx.o(.text)
    DMA1_Stream1_IRQHandler                  0x080002bb   Thumb Code     0  startup_stm32f746xx.o(.text)
    DMA1_Stream2_IRQHandler                  0x080002bb   Thumb Code     0  startup_stm32f746xx.o(.text)
    DMA1_Stream3_IRQHandler                  0x080002bb   Thumb Code     0  startup_stm32f746xx.o(.text)
    DMA1_Stream4_IRQHandler                  0x080002bb   Thumb Code     0  startup_stm32f746xx.o(.text)
    DMA1_Stream5_IRQHandler                  0x080002bb   Thumb Code     0  startup_stm32f746xx.o(.text)
    DMA1_Stream6_IRQHandler                  0x080002bb   Thumb Code     0  startup_stm32f746xx.o(.text)
    DMA1_Stream7_IRQHandler                  0x080002bb   Thumb Code     0  startup_stm32f746xx.o(.text)
    DMA2D_IRQHandler                         0x080002bb   Thumb Code     0  startup_stm32f746xx.o(.text)
    DMA2_Stream0_IRQHandler                  0x080002bb   Thumb Code     0  startup_stm32f746xx.o(.text)
    DMA2_Stream1_IRQHandler                  0x080002bb   Thumb Code     0  startup_stm32f746xx.o(.text)
    DMA2_Stream2_IRQHandler                  0x080002bb   Thumb Code     0  startup_stm32f746xx.o(.text)
    DMA2_Stream3_IRQHandler                  0x080002bb   Thumb Code     0  startup_stm32f746xx.o(.text)
    DMA2_Stream4_IRQHandler                  0x080002bb   Thumb Code     0  startup_stm32f746xx.o(.text)
    DMA2_Stream5_IRQHandler                  0x080002bb   Thumb Code     0  startup_stm32f746xx.o(.text)
    DMA2_Stream6_IRQHandler                  0x080002bb   Thumb Code     0  startup_stm32f746xx.o(.text)
    DMA2_Stream7_IRQHandler                  0x080002bb   Thumb Code     0  startup_stm32f746xx.o(.text)
    ETH_IRQHandler                           0x080002bb   Thumb Code     0  startup_stm32f746xx.o(.text)
    ETH_WKUP_IRQHandler                      0x080002bb   Thumb Code     0  startup_stm32f746xx.o(.text)
    EXTI0_IRQHandler                         0x080002bb   Thumb Code     0  startup_stm32f746xx.o(.text)
    EXTI15_10_IRQHandler                     0x080002bb   Thumb Code     0  startup_stm32f746xx.o(.text)
    EXTI1_IRQHandler                         0x080002bb   Thumb Code     0  startup_stm32f746xx.o(.text)
    EXTI2_IRQHandler                         0x080002bb   Thumb Code     0  startup_stm32f746xx.o(.text)
    EXTI3_IRQHandler                         0x080002bb   Thumb Code     0  startup_stm32f746xx.o(.text)
    EXTI4_IRQHandler                         0x080002bb   Thumb Code     0  startup_stm32f746xx.o(.text)
    EXTI9_5_IRQHandler                       0x080002bb   Thumb Code     0  startup_stm32f746xx.o(.text)
    FLASH_IRQHandler                         0x080002bb   Thumb Code     0  startup_stm32f746xx.o(.text)
    FMC_IRQHandler                           0x080002bb   Thumb Code     0  startup_stm32f746xx.o(.text)
    FPU_IRQHandler                           0x080002bb   Thumb Code     0  startup_stm32f746xx.o(.text)
    I2C1_ER_IRQHandler                       0x080002bb   Thumb Code     0  startup_stm32f746xx.o(.text)
    I2C1_EV_IRQHandler                       0x080002bb   Thumb Code     0  startup_stm32f746xx.o(.text)
    I2C2_ER_IRQHandler                       0x080002bb   Thumb Code     0  startup_stm32f746xx.o(.text)
    I2C2_EV_IRQHandler                       0x080002bb   Thumb Code     0  startup_stm32f746xx.o(.text)
    I2C3_ER_IRQHandler                       0x080002bb   Thumb Code     0  startup_stm32f746xx.o(.text)
    I2C3_EV_IRQHandler                       0x080002bb   Thumb Code     0  startup_stm32f746xx.o(.text)
    I2C4_ER_IRQHandler                       0x080002bb   Thumb Code     0  startup_stm32f746xx.o(.text)
    I2C4_EV_IRQHandler                       0x080002bb   Thumb Code     0  startup_stm32f746xx.o(.text)
    LPTIM1_IRQHandler                        0x080002bb   Thumb Code     0  startup_stm32f746xx.o(.text)
    LTDC_ER_IRQHandler                       0x080002bb   Thumb Code     0  startup_stm32f746xx.o(.text)
    LTDC_IRQHandler                          0x080002bb   Thumb Code     0  startup_stm32f746xx.o(.text)
    OTG_FS_WKUP_IRQHandler                   0x080002bb   Thumb Code     0  startup_stm32f746xx.o(.text)
    OTG_HS_EP1_IN_IRQHandler                 0x080002bb   Thumb Code     0  startup_stm32f746xx.o(.text)
    OTG_HS_EP1_OUT_IRQHandler                0x080002bb   Thumb Code     0  startup_stm32f746xx.o(.text)
    OTG_HS_IRQHandler                        0x080002bb   Thumb Code     0  startup_stm32f746xx.o(.text)
    OTG_HS_WKUP_IRQHandler                   0x080002bb   Thumb Code     0  startup_stm32f746xx.o(.text)
    PVD_IRQHandler                           0x080002bb   Thumb Code     0  startup_stm32f746xx.o(.text)
    QUADSPI_IRQHandler                       0x080002bb   Thumb Code     0  startup_stm32f746xx.o(.text)
    RCC_IRQHandler                           0x080002bb   Thumb Code     0  startup_stm32f746xx.o(.text)
    RNG_IRQHandler                           0x080002bb   Thumb Code     0  startup_stm32f746xx.o(.text)
    RTC_Alarm_IRQHandler                     0x080002bb   Thumb Code     0  startup_stm32f746xx.o(.text)
    RTC_WKUP_IRQHandler                      0x080002bb   Thumb Code     0  startup_stm32f746xx.o(.text)
    SAI1_IRQHandler                          0x080002bb   Thumb Code     0  startup_stm32f746xx.o(.text)
    SAI2_IRQHandler                          0x080002bb   Thumb Code     0  startup_stm32f746xx.o(.text)
    SDMMC1_IRQHandler                        0x080002bb   Thumb Code     0  startup_stm32f746xx.o(.text)
    SPDIF_RX_IRQHandler                      0x080002bb   Thumb Code     0  startup_stm32f746xx.o(.text)
    SPI1_IRQHandler                          0x080002bb   Thumb Code     0  startup_stm32f746xx.o(.text)
    SPI2_IRQHandler                          0x080002bb   Thumb Code     0  startup_stm32f746xx.o(.text)
    SPI3_IRQHandler                          0x080002bb   Thumb Code     0  startup_stm32f746xx.o(.text)
    SPI4_IRQHandler                          0x080002bb   Thumb Code     0  startup_stm32f746xx.o(.text)
    SPI5_IRQHandler                          0x080002bb   Thumb Code     0  startup_stm32f746xx.o(.text)
    SPI6_IRQHandler                          0x080002bb   Thumb Code     0  startup_stm32f746xx.o(.text)
    TAMP_STAMP_IRQHandler                    0x080002bb   Thumb Code     0  startup_stm32f746xx.o(.text)
    TIM1_BRK_TIM9_IRQHandler                 0x080002bb   Thumb Code     0  startup_stm32f746xx.o(.text)
    TIM1_CC_IRQHandler                       0x080002bb   Thumb Code     0  startup_stm32f746xx.o(.text)
    TIM1_TRG_COM_TIM11_IRQHandler            0x080002bb   Thumb Code     0  startup_stm32f746xx.o(.text)
    TIM1_UP_TIM10_IRQHandler                 0x080002bb   Thumb Code     0  startup_stm32f746xx.o(.text)
    TIM3_IRQHandler                          0x080002bb   Thumb Code     0  startup_stm32f746xx.o(.text)
    TIM4_IRQHandler                          0x080002bb   Thumb Code     0  startup_stm32f746xx.o(.text)
    TIM5_IRQHandler                          0x080002bb   Thumb Code     0  startup_stm32f746xx.o(.text)
    TIM6_DAC_IRQHandler                      0x080002bb   Thumb Code     0  startup_stm32f746xx.o(.text)
    TIM7_IRQHandler                          0x080002bb   Thumb Code     0  startup_stm32f746xx.o(.text)
    TIM8_BRK_TIM12_IRQHandler                0x080002bb   Thumb Code     0  startup_stm32f746xx.o(.text)
    TIM8_CC_IRQHandler                       0x080002bb   Thumb Code     0  startup_stm32f746xx.o(.text)
    TIM8_TRG_COM_TIM14_IRQHandler            0x080002bb   Thumb Code     0  startup_stm32f746xx.o(.text)
    TIM8_UP_TIM13_IRQHandler                 0x080002bb   Thumb Code     0  startup_stm32f746xx.o(.text)
    UART4_IRQHandler                         0x080002bb   Thumb Code     0  startup_stm32f746xx.o(.text)
    UART5_IRQHandler                         0x080002bb   Thumb Code     0  startup_stm32f746xx.o(.text)
    UART7_IRQHandler                         0x080002bb   Thumb Code     0  startup_stm32f746xx.o(.text)
    UART8_IRQHandler                         0x080002bb   Thumb Code     0  startup_stm32f746xx.o(.text)
    USART1_IRQHandler                        0x080002bb   Thumb Code     0  startup_stm32f746xx.o(.text)
    USART2_IRQHandler                        0x080002bb   Thumb Code     0  startup_stm32f746xx.o(.text)
    USART3_IRQHandler                        0x080002bb   Thumb Code     0  startup_stm32f746xx.o(.text)
    USART6_IRQHandler                        0x080002bb   Thumb Code     0  startup_stm32f746xx.o(.text)
    WWDG_IRQHandler                          0x080002bb   Thumb Code     0  startup_stm32f746xx.o(.text)
    __aeabi_uldivmod                         0x080002c5   Thumb Code    98  uldiv.o(.text)
    __aeabi_memcpy                           0x08000327   Thumb Code    36  memcpya.o(.text)
    __aeabi_memcpy4                          0x08000327   Thumb Code     0  memcpya.o(.text)
    __aeabi_memcpy8                          0x08000327   Thumb Code     0  memcpya.o(.text)
    __aeabi_memset                           0x0800034b   Thumb Code    14  memseta.o(.text)
    __aeabi_memset4                          0x0800034b   Thumb Code     0  memseta.o(.text)
    __aeabi_memset8                          0x0800034b   Thumb Code     0  memseta.o(.text)
    __aeabi_memclr                           0x08000359   Thumb Code     4  memseta.o(.text)
    __aeabi_memclr4                          0x08000359   Thumb Code     0  memseta.o(.text)
    __aeabi_memclr8                          0x08000359   Thumb Code     0  memseta.o(.text)
    memset                                   0x0800035d   Thumb Code    18  memseta.o(.text)
    __aeabi_llsl                             0x0800036f   Thumb Code    30  llshl.o(.text)
    _ll_shift_l                              0x0800036f   Thumb Code     0  llshl.o(.text)
    __aeabi_llsr                             0x0800038d   Thumb Code    32  llushr.o(.text)
    _ll_ushift_r                             0x0800038d   Thumb Code     0  llushr.o(.text)
    __scatterload                            0x080003ad   Thumb Code    28  init.o(.text)
    __scatterload_rt2                        0x080003ad   Thumb Code     0  init.o(.text)
    __decompress                             0x080003d1   Thumb Code     0  __dczerorl2.o(.text)
    __decompress1                            0x080003d1   Thumb Code    86  __dczerorl2.o(.text)
    BusFault_Handler                         0x08000427   Thumb Code     2  stm32f7xx_it.o(i.BusFault_Handler)
    CDC_ReceiveCallBack                      0x08000455   Thumb Code    62  main.o(i.CDC_ReceiveCallBack)
    CDC_Transmit_FS                          0x080004c5   Thumb Code    38  usbd_cdc_if.o(i.CDC_Transmit_FS)
    DebugMon_Handler                         0x080004f1   Thumb Code     2  stm32f7xx_it.o(i.DebugMon_Handler)
    Error_Handler                            0x080004f3   Thumb Code     2  main.o(i.Error_Handler)
    HAL_Delay                                0x080004f5   Thumb Code    32  stm32f7xx_hal.o(i.HAL_Delay)
    HAL_GPIO_Init                            0x08000519   Thumb Code   420  stm32f7xx_hal_gpio.o(i.HAL_GPIO_Init)
    HAL_GPIO_ReadPin                         0x080006f1   Thumb Code    10  stm32f7xx_hal_gpio.o(i.HAL_GPIO_ReadPin)
    HAL_GPIO_TogglePin                       0x080006fb   Thumb Code    12  stm32f7xx_hal_gpio.o(i.HAL_GPIO_TogglePin)
    HAL_GPIO_WritePin                        0x08000707   Thumb Code    10  stm32f7xx_hal_gpio.o(i.HAL_GPIO_WritePin)
    HAL_GetTick                              0x08000711   Thumb Code     6  stm32f7xx_hal.o(i.HAL_GetTick)
    HAL_IncTick                              0x0800071d   Thumb Code    12  stm32f7xx_hal.o(i.HAL_IncTick)
    HAL_Init                                 0x0800072d   Thumb Code    22  stm32f7xx_hal.o(i.HAL_Init)
    HAL_InitTick                             0x08000745   Thumb Code   102  stm32f7xx_hal_timebase_tim.o(i.HAL_InitTick)
    HAL_MspInit                              0x080007b9   Thumb Code    52  stm32f7xx_hal_msp.o(i.HAL_MspInit)
    HAL_NVIC_EnableIRQ                       0x080007f1   Thumb Code    26  stm32f7xx_hal_cortex.o(i.HAL_NVIC_EnableIRQ)
    HAL_NVIC_SetPriority                     0x0800080d   Thumb Code    60  stm32f7xx_hal_cortex.o(i.HAL_NVIC_SetPriority)
    HAL_NVIC_SetPriorityGrouping             0x0800084d   Thumb Code    28  stm32f7xx_hal_cortex.o(i.HAL_NVIC_SetPriorityGrouping)
    HAL_PCDEx_ActivateLPM                    0x08000871   Thumb Code    34  stm32f7xx_hal_pcd_ex.o(i.HAL_PCDEx_ActivateLPM)
    HAL_PCDEx_LPM_Callback                   0x08000899   Thumb Code    92  usbd_conf.o(i.HAL_PCDEx_LPM_Callback)
    HAL_PCDEx_SetRxFiFo                      0x080008f9   Thumb Code     8  stm32f7xx_hal_pcd_ex.o(i.HAL_PCDEx_SetRxFiFo)
    HAL_PCDEx_SetTxFiFo                      0x08000901   Thumb Code    70  stm32f7xx_hal_pcd_ex.o(i.HAL_PCDEx_SetTxFiFo)
    HAL_PCD_ConnectCallback                  0x08000947   Thumb Code     8  usbd_conf.o(i.HAL_PCD_ConnectCallback)
    HAL_PCD_DataInStageCallback              0x0800094f   Thumb Code    18  usbd_conf.o(i.HAL_PCD_DataInStageCallback)
    HAL_PCD_DataOutStageCallback             0x08000961   Thumb Code    20  usbd_conf.o(i.HAL_PCD_DataOutStageCallback)
    HAL_PCD_DisconnectCallback               0x08000975   Thumb Code     8  usbd_conf.o(i.HAL_PCD_DisconnectCallback)
    HAL_PCD_EP_Close                         0x0800097d   Thumb Code    76  stm32f7xx_hal_pcd.o(i.HAL_PCD_EP_Close)
    HAL_PCD_EP_ClrStall                      0x080009c9   Thumb Code    92  stm32f7xx_hal_pcd.o(i.HAL_PCD_EP_ClrStall)
    HAL_PCD_EP_GetRxCount                    0x08000a25   Thumb Code    18  stm32f7xx_hal_pcd.o(i.HAL_PCD_EP_GetRxCount)
    HAL_PCD_EP_Open                          0x08000a37   Thumb Code    96  stm32f7xx_hal_pcd.o(i.HAL_PCD_EP_Open)
    HAL_PCD_EP_Receive                       0x08000a97   Thumb Code    68  stm32f7xx_hal_pcd.o(i.HAL_PCD_EP_Receive)
    HAL_PCD_EP_SetStall                      0x08000adb   Thumb Code   116  stm32f7xx_hal_pcd.o(i.HAL_PCD_EP_SetStall)
    HAL_PCD_EP_Transmit                      0x08000b4f   Thumb Code    68  stm32f7xx_hal_pcd.o(i.HAL_PCD_EP_Transmit)
    HAL_PCD_IRQHandler                       0x08000b95   Thumb Code  1134  stm32f7xx_hal_pcd.o(i.HAL_PCD_IRQHandler)
    HAL_PCD_ISOINIncompleteCallback          0x08001009   Thumb Code     8  usbd_conf.o(i.HAL_PCD_ISOINIncompleteCallback)
    HAL_PCD_ISOOUTIncompleteCallback         0x08001011   Thumb Code     8  usbd_conf.o(i.HAL_PCD_ISOOUTIncompleteCallback)
    HAL_PCD_Init                             0x08001019   Thumb Code   242  stm32f7xx_hal_pcd.o(i.HAL_PCD_Init)
    HAL_PCD_MspInit                          0x0800110d   Thumb Code   124  usbd_conf.o(i.HAL_PCD_MspInit)
    HAL_PCD_ResetCallback                    0x08001191   Thumb Code    44  usbd_conf.o(i.HAL_PCD_ResetCallback)
    HAL_PCD_ResumeCallback                   0x080011bd   Thumb Code     8  usbd_conf.o(i.HAL_PCD_ResumeCallback)
    HAL_PCD_SOFCallback                      0x080011c5   Thumb Code     8  usbd_conf.o(i.HAL_PCD_SOFCallback)
    HAL_PCD_SetAddress                       0x080011cd   Thumb Code    40  stm32f7xx_hal_pcd.o(i.HAL_PCD_SetAddress)
    HAL_PCD_SetupStageCallback               0x080011f5   Thumb Code    14  usbd_conf.o(i.HAL_PCD_SetupStageCallback)
    HAL_PCD_Start                            0x08001203   Thumb Code    42  stm32f7xx_hal_pcd.o(i.HAL_PCD_Start)
    HAL_PCD_SuspendCallback                  0x0800122d   Thumb Code    44  usbd_conf.o(i.HAL_PCD_SuspendCallback)
    HAL_PWREx_EnableOverDrive                0x0800125d   Thumb Code   100  stm32f7xx_hal_pwr_ex.o(i.HAL_PWREx_EnableOverDrive)
    HAL_PWR_EnableBkUpAccess                 0x080012c9   Thumb Code    12  stm32f7xx_hal_pwr.o(i.HAL_PWR_EnableBkUpAccess)
    HAL_RCCEx_PeriphCLKConfig                0x080012d9   Thumb Code  1276  stm32f7xx_hal_rcc_ex.o(i.HAL_RCCEx_PeriphCLKConfig)
    HAL_RCC_ClockConfig                      0x080017d5   Thumb Code   284  stm32f7xx_hal_rcc.o(i.HAL_RCC_ClockConfig)
    HAL_RCC_GetClockConfig                   0x08001905   Thumb Code    56  stm32f7xx_hal_rcc.o(i.HAL_RCC_GetClockConfig)
    HAL_RCC_GetHCLKFreq                      0x08001945   Thumb Code     6  stm32f7xx_hal_rcc.o(i.HAL_RCC_GetHCLKFreq)
    HAL_RCC_GetPCLK1Freq                     0x08001951   Thumb Code    20  stm32f7xx_hal_rcc.o(i.HAL_RCC_GetPCLK1Freq)
    HAL_RCC_GetSysClockFreq                  0x08001971   Thumb Code    88  stm32f7xx_hal_rcc.o(i.HAL_RCC_GetSysClockFreq)
    HAL_RCC_MCOConfig                        0x080019d5   Thumb Code   130  stm32f7xx_hal_rcc.o(i.HAL_RCC_MCOConfig)
    HAL_RCC_OscConfig                        0x08001a69   Thumb Code   888  stm32f7xx_hal_rcc.o(i.HAL_RCC_OscConfig)
    HAL_SPI_Init                             0x08001ded   Thumb Code   196  stm32f7xx_hal_spi.o(i.HAL_SPI_Init)
    HAL_SPI_MspInit                          0x08001eb1   Thumb Code    88  stm32f7xx_hal_msp.o(i.HAL_SPI_MspInit)
    HAL_SPI_Receive                          0x08001f15   Thumb Code   386  stm32f7xx_hal_spi.o(i.HAL_SPI_Receive)
    HAL_SPI_Transmit                         0x08002097   Thumb Code   378  stm32f7xx_hal_spi.o(i.HAL_SPI_Transmit)
    HAL_SPI_TransmitReceive                  0x08002211   Thumb Code   608  stm32f7xx_hal_spi.o(i.HAL_SPI_TransmitReceive)
    HAL_TIMEx_Break2Callback                 0x08002471   Thumb Code     2  stm32f7xx_hal_tim_ex.o(i.HAL_TIMEx_Break2Callback)
    HAL_TIMEx_BreakCallback                  0x08002473   Thumb Code     2  stm32f7xx_hal_tim_ex.o(i.HAL_TIMEx_BreakCallback)
    HAL_TIMEx_CommutCallback                 0x08002475   Thumb Code     2  stm32f7xx_hal_tim_ex.o(i.HAL_TIMEx_CommutCallback)
    HAL_TIM_Base_Init                        0x08002477   Thumb Code    54  stm32f7xx_hal_tim.o(i.HAL_TIM_Base_Init)
    HAL_TIM_Base_MspInit                     0x080024ad   Thumb Code     2  stm32f7xx_hal_tim.o(i.HAL_TIM_Base_MspInit)
    HAL_TIM_Base_Start_IT                    0x080024b1   Thumb Code    40  stm32f7xx_hal_tim.o(i.HAL_TIM_Base_Start_IT)
    HAL_TIM_IC_CaptureCallback               0x080024dd   Thumb Code     2  stm32f7xx_hal_tim.o(i.HAL_TIM_IC_CaptureCallback)
    HAL_TIM_IRQHandler                       0x080024df   Thumb Code   386  stm32f7xx_hal_tim.o(i.HAL_TIM_IRQHandler)
    HAL_TIM_OC_DelayElapsedCallback          0x08002661   Thumb Code     2  stm32f7xx_hal_tim.o(i.HAL_TIM_OC_DelayElapsedCallback)
    HAL_TIM_PWM_PulseFinishedCallback        0x08002663   Thumb Code     2  stm32f7xx_hal_tim.o(i.HAL_TIM_PWM_PulseFinishedCallback)
    HAL_TIM_PeriodElapsedCallback            0x08002665   Thumb Code    14  main.o(i.HAL_TIM_PeriodElapsedCallback)
    HAL_TIM_TriggerCallback                  0x08002673   Thumb Code     2  stm32f7xx_hal_tim.o(i.HAL_TIM_TriggerCallback)
    HardFault_Handler                        0x08002675   Thumb Code     2  stm32f7xx_it.o(i.HardFault_Handler)
    MX_USB_DEVICE_Init                       0x080027d1   Thumb Code    66  usb_device.o(i.MX_USB_DEVICE_Init)
    MemManage_Handler                        0x08002825   Thumb Code     2  stm32f7xx_it.o(i.MemManage_Handler)
    NMI_Handler                              0x08002827   Thumb Code     2  stm32f7xx_it.o(i.NMI_Handler)
    OTG_FS_IRQHandler                        0x08002829   Thumb Code     6  stm32f7xx_it.o(i.OTG_FS_IRQHandler)
    StartDefaultTask                         0x08002b93   Thumb Code    12  main.o(i.StartDefaultTask)
    SysTick_Handler                          0x08002ba1   Thumb Code    42  port.o(i.SysTick_Handler)
    SystemClock_Config                       0x08002bd1   Thumb Code   188  main.o(i.SystemClock_Config)
    SystemInit                               0x08002c95   Thumb Code    22  system_stm32f7xx.o(i.SystemInit)
    TIM2_IRQHandler                          0x08002cb1   Thumb Code     6  stm32f7xx_it.o(i.TIM2_IRQHandler)
    TIM_Base_SetConfig                       0x08002cbd   Thumb Code   158  stm32f7xx_hal_tim.o(i.TIM_Base_SetConfig)
    USBD_CDC_GetDeviceQualifierDescriptor    0x08002e81   Thumb Code     8  usbd_cdc.o(i.USBD_CDC_GetDeviceQualifierDescriptor)
    USBD_CDC_ReceivePacket                   0x08002f53   Thumb Code    40  usbd_cdc.o(i.USBD_CDC_ReceivePacket)
    USBD_CDC_RegisterInterface               0x08002f7b   Thumb Code    14  usbd_cdc.o(i.USBD_CDC_RegisterInterface)
    USBD_CDC_SetRxBuffer                     0x08002f89   Thumb Code    12  usbd_cdc.o(i.USBD_CDC_SetRxBuffer)
    USBD_CDC_SetTxBuffer                     0x08002f95   Thumb Code    16  usbd_cdc.o(i.USBD_CDC_SetTxBuffer)
    USBD_CDC_TransmitPacket                  0x08003057   Thumb Code    54  usbd_cdc.o(i.USBD_CDC_TransmitPacket)
    USBD_ClrClassConfig                      0x0800308d   Thumb Code    16  usbd_core.o(i.USBD_ClrClassConfig)
    USBD_CtlContinueRx                       0x0800309d   Thumb Code    16  usbd_ioreq.o(i.USBD_CtlContinueRx)
    USBD_CtlContinueSendData                 0x080030ad   Thumb Code    16  usbd_ioreq.o(i.USBD_CtlContinueSendData)
    USBD_CtlError                            0x080030bd   Thumb Code    22  usbd_ctlreq.o(i.USBD_CtlError)
    USBD_CtlPrepareRx                        0x080030d3   Thumb Code    30  usbd_ioreq.o(i.USBD_CtlPrepareRx)
    USBD_CtlReceiveStatus                    0x080030f1   Thumb Code    22  usbd_ioreq.o(i.USBD_CtlReceiveStatus)
    USBD_CtlSendData                         0x08003107   Thumb Code    26  usbd_ioreq.o(i.USBD_CtlSendData)
    USBD_CtlSendStatus                       0x08003121   Thumb Code    22  usbd_ioreq.o(i.USBD_CtlSendStatus)
    USBD_FS_ConfigStrDescriptor              0x08003139   Thumb Code    16  usbd_desc.o(i.USBD_FS_ConfigStrDescriptor)
    USBD_FS_DeviceDescriptor                 0x08003159   Thumb Code     8  usbd_desc.o(i.USBD_FS_DeviceDescriptor)
    USBD_FS_InterfaceStrDescriptor           0x08003165   Thumb Code    16  usbd_desc.o(i.USBD_FS_InterfaceStrDescriptor)
    USBD_FS_LangIDStrDescriptor              0x08003189   Thumb Code     8  usbd_desc.o(i.USBD_FS_LangIDStrDescriptor)
    USBD_FS_ManufacturerStrDescriptor        0x08003195   Thumb Code    16  usbd_desc.o(i.USBD_FS_ManufacturerStrDescriptor)
    USBD_FS_ProductStrDescriptor             0x080031bd   Thumb Code    16  usbd_desc.o(i.USBD_FS_ProductStrDescriptor)
    USBD_FS_SerialStrDescriptor              0x080031e9   Thumb Code    50  usbd_desc.o(i.USBD_FS_SerialStrDescriptor)
    USBD_FS_USR_BOSDescriptor                0x08003225   Thumb Code     8  usbd_desc.o(i.USBD_FS_USR_BOSDescriptor)
    USBD_GetString                           0x0800332b   Thumb Code    74  usbd_ctlreq.o(i.USBD_GetString)
    USBD_Get_USB_Status                      0x08003375   Thumb Code    24  usbd_conf.o(i.USBD_Get_USB_Status)
    USBD_Init                                0x0800338d   Thumb Code    52  usbd_core.o(i.USBD_Init)
    USBD_LL_ClearStallEP                     0x080033c1   Thumb Code    18  usbd_conf.o(i.USBD_LL_ClearStallEP)
    USBD_LL_CloseEP                          0x080033d3   Thumb Code    18  usbd_conf.o(i.USBD_LL_CloseEP)
    USBD_LL_DataInStage                      0x080033e5   Thumb Code   170  usbd_core.o(i.USBD_LL_DataInStage)
    USBD_LL_DataOutStage                     0x0800348f   Thumb Code   110  usbd_core.o(i.USBD_LL_DataOutStage)
    USBD_LL_DevConnected                     0x080034fd   Thumb Code     4  usbd_core.o(i.USBD_LL_DevConnected)
    USBD_LL_DevDisconnected                  0x08003501   Thumb Code    26  usbd_core.o(i.USBD_LL_DevDisconnected)
    USBD_LL_GetRxDataSize                    0x0800351b   Thumb Code     8  usbd_conf.o(i.USBD_LL_GetRxDataSize)
    USBD_LL_Init                             0x08003525   Thumb Code    90  usbd_conf.o(i.USBD_LL_Init)
    USBD_LL_IsStallEP                        0x08003585   Thumb Code    32  usbd_conf.o(i.USBD_LL_IsStallEP)
    USBD_LL_IsoINIncomplete                  0x080035a5   Thumb Code     4  usbd_core.o(i.USBD_LL_IsoINIncomplete)
    USBD_LL_IsoOUTIncomplete                 0x080035a9   Thumb Code     4  usbd_core.o(i.USBD_LL_IsoOUTIncomplete)
    USBD_LL_OpenEP                           0x080035ad   Thumb Code    24  usbd_conf.o(i.USBD_LL_OpenEP)
    USBD_LL_PrepareReceive                   0x080035c5   Thumb Code    18  usbd_conf.o(i.USBD_LL_PrepareReceive)
    USBD_LL_Reset                            0x080035d7   Thumb Code    82  usbd_core.o(i.USBD_LL_Reset)
    USBD_LL_Resume                           0x08003629   Thumb Code    20  usbd_core.o(i.USBD_LL_Resume)
    USBD_LL_SOF                              0x0800363d   Thumb Code    24  usbd_core.o(i.USBD_LL_SOF)
    USBD_LL_SetSpeed                         0x08003655   Thumb Code     6  usbd_core.o(i.USBD_LL_SetSpeed)
    USBD_LL_SetUSBAddress                    0x0800365b   Thumb Code    18  usbd_conf.o(i.USBD_LL_SetUSBAddress)
    USBD_LL_SetupStage                       0x0800366d   Thumb Code    92  usbd_core.o(i.USBD_LL_SetupStage)
    USBD_LL_StallEP                          0x080036c9   Thumb Code    18  usbd_conf.o(i.USBD_LL_StallEP)
    USBD_LL_Start                            0x080036db   Thumb Code    18  usbd_conf.o(i.USBD_LL_Start)
    USBD_LL_Suspend                          0x080036ed   Thumb Code    18  usbd_core.o(i.USBD_LL_Suspend)
    USBD_LL_Transmit                         0x080036ff   Thumb Code    18  usbd_conf.o(i.USBD_LL_Transmit)
    USBD_ParseSetupRequest                   0x08003711   Thumb Code    42  usbd_ctlreq.o(i.USBD_ParseSetupRequest)
    USBD_RegisterClass                       0x0800373b   Thumb Code    34  usbd_core.o(i.USBD_RegisterClass)
    USBD_SetClassConfig                      0x0800375d   Thumb Code    20  usbd_core.o(i.USBD_SetClassConfig)
    USBD_Start                               0x0800382d   Thumb Code     4  usbd_core.o(i.USBD_Start)
    USBD_StdDevReq                           0x08003831   Thumb Code   278  usbd_ctlreq.o(i.USBD_StdDevReq)
    USBD_StdEPReq                            0x08003947   Thumb Code   332  usbd_ctlreq.o(i.USBD_StdEPReq)
    USBD_StdItfReq                           0x08003a93   Thumb Code    84  usbd_ctlreq.o(i.USBD_StdItfReq)
    USB_ActivateEndpoint                     0x08003ae9   Thumb Code   124  stm32f7xx_ll_usb.o(i.USB_ActivateEndpoint)
    USB_ActivateSetup                        0x08003b69   Thumb Code    28  stm32f7xx_ll_usb.o(i.USB_ActivateSetup)
    USB_CoreInit                             0x08003b85   Thumb Code   104  stm32f7xx_ll_usb.o(i.USB_CoreInit)
    USB_DeactivateEndpoint                   0x08003c29   Thumb Code   194  stm32f7xx_ll_usb.o(i.USB_DeactivateEndpoint)
    USB_DevConnect                           0x08003cf5   Thumb Code    24  stm32f7xx_ll_usb.o(i.USB_DevConnect)
    USB_DevDisconnect                        0x08003d0d   Thumb Code    24  stm32f7xx_ll_usb.o(i.USB_DevDisconnect)
    USB_DevInit                              0x08003d25   Thumb Code   372  stm32f7xx_ll_usb.o(i.USB_DevInit)
    USB_DisableGlobalInt                     0x08003ea1   Thumb Code    12  stm32f7xx_ll_usb.o(i.USB_DisableGlobalInt)
    USB_EP0StartXfer                         0x08003ead   Thumb Code   280  stm32f7xx_ll_usb.o(i.USB_EP0StartXfer)
    USB_EP0_OutStart                         0x08003fc9   Thumb Code    84  stm32f7xx_ll_usb.o(i.USB_EP0_OutStart)
    USB_EPClearStall                         0x08004021   Thumb Code    88  stm32f7xx_ll_usb.o(i.USB_EPClearStall)
    USB_EPSetStall                           0x08004079   Thumb Code    88  stm32f7xx_ll_usb.o(i.USB_EPSetStall)
    USB_EPStartXfer                          0x080040d1   Thumb Code   482  stm32f7xx_ll_usb.o(i.USB_EPStartXfer)
    USB_EnableGlobalInt                      0x080042b9   Thumb Code    12  stm32f7xx_ll_usb.o(i.USB_EnableGlobalInt)
    USB_FlushRxFifo                          0x080042c5   Thumb Code    28  stm32f7xx_ll_usb.o(i.USB_FlushRxFifo)
    USB_FlushTxFifo                          0x080042e5   Thumb Code    32  stm32f7xx_ll_usb.o(i.USB_FlushTxFifo)
    USB_GetDevSpeed                          0x08004309   Thumb Code    26  stm32f7xx_ll_usb.o(i.USB_GetDevSpeed)
    USB_GetMode                              0x08004323   Thumb Code     8  stm32f7xx_ll_usb.o(i.USB_GetMode)
    USB_ReadDevAllInEpInterrupt              0x0800432b   Thumb Code    14  stm32f7xx_ll_usb.o(i.USB_ReadDevAllInEpInterrupt)
    USB_ReadDevAllOutEpInterrupt             0x08004339   Thumb Code    14  stm32f7xx_ll_usb.o(i.USB_ReadDevAllOutEpInterrupt)
    USB_ReadDevInEPInterrupt                 0x08004347   Thumb Code    36  stm32f7xx_ll_usb.o(i.USB_ReadDevInEPInterrupt)
    USB_ReadDevOutEPInterrupt                0x0800436b   Thumb Code    16  stm32f7xx_ll_usb.o(i.USB_ReadDevOutEPInterrupt)
    USB_ReadInterrupts                       0x0800437b   Thumb Code     8  stm32f7xx_ll_usb.o(i.USB_ReadInterrupts)
    USB_ReadPacket                           0x08004383   Thumb Code    28  stm32f7xx_ll_usb.o(i.USB_ReadPacket)
    USB_SetCurrentMode                       0x0800439f   Thumb Code    46  stm32f7xx_ll_usb.o(i.USB_SetCurrentMode)
    USB_SetDevAddress                        0x080043cd   Thumb Code    34  stm32f7xx_ll_usb.o(i.USB_SetDevAddress)
    USB_SetTurnaroundTime                    0x080043f1   Thumb Code   158  stm32f7xx_ll_usb.o(i.USB_SetTurnaroundTime)
    USB_WritePacket                          0x080044d9   Thumb Code    36  stm32f7xx_ll_usb.o(i.USB_WritePacket)
    UsageFault_Handler                       0x080044fd   Thumb Code     2  stm32f7xx_it.o(i.UsageFault_Handler)
    __scatterload_copy                       0x08004521   Thumb Code    14  handlers.o(i.__scatterload_copy)
    __scatterload_null                       0x0800452f   Thumb Code     2  handlers.o(i.__scatterload_null)
    __scatterload_zeroinit                   0x08004531   Thumb Code    14  handlers.o(i.__scatterload_zeroinit)
    free                                     0x08004541   Thumb Code    76  malloc.o(i.free)
    main                                     0x08004591   Thumb Code   142  main.o(i.main)
    malloc                                   0x0800466d   Thumb Code    92  malloc.o(i.malloc)
    osDelay                                  0x080046d9   Thumb Code    14  cmsis_os.o(i.osDelay)
    osKernelStart                            0x080046e7   Thumb Code    10  cmsis_os.o(i.osKernelStart)
    osThreadCreate                           0x080046f1   Thumb Code    84  cmsis_os.o(i.osThreadCreate)
    pvPortMalloc                             0x08004abd   Thumb Code   222  heap_4.o(i.pvPortMalloc)
    pxPortInitialiseStack                    0x08004ba1   Thumb Code    42  port.o(i.pxPortInitialiseStack)
    uxListRemove                             0x08004bd1   Thumb Code    38  list.o(i.uxListRemove)
    vApplicationGetIdleTaskMemory            0x08004bf9   Thumb Code    18  freertos.o(i.vApplicationGetIdleTaskMemory)
    vListInitialise                          0x08004c11   Thumb Code    22  list.o(i.vListInitialise)
    vListInitialiseItem                      0x08004c27   Thumb Code     6  list.o(i.vListInitialiseItem)
    vListInsert                              0x08004c2d   Thumb Code    48  list.o(i.vListInsert)
    vListInsertEnd                           0x08004c5d   Thumb Code    24  list.o(i.vListInsertEnd)
    vPortEnterCritical                       0x08004c75   Thumb Code    62  port.o(i.vPortEnterCritical)
    vPortExitCritical                        0x08004cbd   Thumb Code    38  port.o(i.vPortExitCritical)
    vPortFree                                0x08004ce9   Thumb Code    96  heap_4.o(i.vPortFree)
    vPortSetupTimerInterrupt                 0x08004d4d   Thumb Code    32  port.o(i.vPortSetupTimerInterrupt)
    vTaskDelay                               0x08004d71   Thumb Code    70  tasks.o(i.vTaskDelay)
    vTaskStartScheduler                      0x08004dc1   Thumb Code    94  tasks.o(i.vTaskStartScheduler)
    vTaskSuspendAll                          0x08004e31   Thumb Code    10  tasks.o(i.vTaskSuspendAll)
    vTaskSwitchContext                       0x08004e41   Thumb Code    86  tasks.o(i.vTaskSwitchContext)
    wTask_LED                                0x08004ea1   Thumb Code    22  vtask_list.o(i.wTask_LED)
    wTask_MotorCtr                           0x08004ebd   Thumb Code    60  vtask_list.o(i.wTask_MotorCtr)
    wTask_USB_FS                             0x08004f09   Thumb Code    48  vtask_list.o(i.wTask_USB_FS)
    xPortStartScheduler                      0x08004f41   Thumb Code   176  port.o(i.xPortStartScheduler)
    xQueueGenericCreate                      0x08005001   Thumb Code    76  queue.o(i.xQueueGenericCreate)
    xQueueGenericReset                       0x0800504d   Thumb Code   148  queue.o(i.xQueueGenericReset)
    xTaskCreate                              0x080050e5   Thumb Code    90  tasks.o(i.xTaskCreate)
    xTaskCreateStatic                        0x0800513f   Thumb Code    94  tasks.o(i.xTaskCreateStatic)
    xTaskIncrementTick                       0x0800519d   Thumb Code   196  tasks.o(i.xTaskIncrementTick)
    xTaskRemoveFromEventList                 0x08005269   Thumb Code   112  tasks.o(i.xTaskRemoveFromEventList)
    xTaskResumeAll                           0x080052e1   Thumb Code   188  tasks.o(i.xTaskResumeAll)
    AHBPrescTable                            0x080053c4   Data          16  system_stm32f7xx.o(.constdata)
    APBPrescTable                            0x080053d4   Data           8  system_stm32f7xx.o(.constdata)
    Region$$Table$$Base                      0x080053e8   Number         0  anon$$obj.o(Region$$Table)
    Region$$Table$$Limit                     0x08005408   Number         0  anon$$obj.o(Region$$Table)
    wBufCount                                0x20000000   Data           2  main.o(.data)
    wTask_LEDxHandle                         0x20000004   Data           4  main.o(.data)
    wTask_USB_FSxHandle                      0x20000008   Data           4  main.o(.data)
    wTask_MotorCtrHandle                     0x2000000c   Data           4  main.o(.data)
    defaultTaskHandle                        0x20000010   Data           4  main.o(.data)
    xQueue1                                  0x20000014   Data           4  main.o(.data)
    wTxData                                  0x20000018   Data           5  main.o(.data)
    wCommand_buff                            0x2000001d   Data          48  main.o(.data)
    wRxData                                  0x2000004d   Data           5  main.o(.data)
    FS_Desc                                  0x20000054   Data          32  usbd_desc.o(.data)
    USBD_LangIDDesc                          0x20000074   Data           4  usbd_desc.o(.data)
    USBD_FS_DeviceDesc                       0x20000078   Data          18  usbd_desc.o(.data)
    USBD_FS_BOSDesc                          0x2000008c   Data          12  usbd_desc.o(.data)
    USBD_StringSerial                        0x20000098   Data          26  usbd_desc.o(.data)
    USBD_Interface_fops_FS                   0x200000b4   Data          20  usbd_cdc_if.o(.data)
    uwTickFreq                               0x200000c8   Data           1  stm32f7xx_hal.o(.data)
    uwTickPrio                               0x200000cc   Data           4  stm32f7xx_hal.o(.data)
    uwTick                                   0x200000d0   Data           4  stm32f7xx_hal.o(.data)
    SystemCoreClock                          0x200000d4   Data           4  system_stm32f7xx.o(.data)
    pxCurrentTCB                             0x200000d8   Data           4  tasks.o(.data)
    USBD_CDC                                 0x20000214   Data          56  usbd_cdc.o(.data)
    __microlib_freelist                      0x2000024c   Data           4  mvars.o(.data)
    __microlib_freelist_initialised          0x20000250   Data           4  mvars.o(.data)
    hspi5                                    0x20000254   Data         100  main.o(.bss)
    hUsbDeviceFS                             0x2000050c   Data         720  usb_device.o(.bss)
    hpcd_USB_OTG_FS                          0x200007dc   Data        1028  usbd_conf.o(.bss)
    USBD_StrDesc                             0x20000be0   Data         512  usbd_desc.o(.bss)
    UserRxBufferFS                           0x20000de0   Data        2048  usbd_cdc_if.o(.bss)
    UserTxBufferFS                           0x200015e0   Data        2048  usbd_cdc_if.o(.bss)
    htim2                                    0x20001de0   Data          64  stm32f7xx_hal_timebase_tim.o(.bss)
    __heap_base                              0x20005b10   Data           0  startup_stm32f746xx.o(HEAP)
    __heap_limit                             0x20007b10   Data           0  startup_stm32f746xx.o(HEAP)
    __initial_sp                             0x2000bb10   Data           0  startup_stm32f746xx.o(STACK)



==============================================================================

Memory Map of the image

  Image Entry point : 0x080001c9

  Load Region LR_IROM1 (Base: 0x08000000, Size: 0x0000565c, Max: 0x00100000, ABSOLUTE, COMPRESSED[0x000054e4])

    Execution Region ER_IROM1 (Exec base: 0x08000000, Load base: 0x08000000, Size: 0x00005408, Max: 0x00100000, ABSOLUTE)

    Exec Addr    Load Addr    Size         Type   Attr      Idx    E Section Name        Object

    0x08000000   0x08000000   0x000001c8   Data   RO            3    RESET               startup_stm32f746xx.o
    0x080001c8   0x080001c8   0x00000000   Code   RO         6140  * .ARM.Collect$$$$00000000  mc_w.l(entry.o)
    0x080001c8   0x080001c8   0x00000004   Code   RO         6181    .ARM.Collect$$$$00000001  mc_w.l(entry2.o)
    0x080001cc   0x080001cc   0x00000004   Code   RO         6184    .ARM.Collect$$$$00000004  mc_w.l(entry5.o)
    0x080001d0   0x080001d0   0x00000000   Code   RO         6186    .ARM.Collect$$$$00000008  mc_w.l(entry7b.o)
    0x080001d0   0x080001d0   0x00000000   Code   RO         6188    .ARM.Collect$$$$0000000A  mc_w.l(entry8b.o)
    0x080001d0   0x080001d0   0x00000008   Code   RO         6189    .ARM.Collect$$$$0000000B  mc_w.l(entry9a.o)
    0x080001d8   0x080001d8   0x00000000   Code   RO         6191    .ARM.Collect$$$$0000000D  mc_w.l(entry10a.o)
    0x080001d8   0x080001d8   0x00000000   Code   RO         6193    .ARM.Collect$$$$0000000F  mc_w.l(entry11a.o)
    0x080001d8   0x080001d8   0x00000004   Code   RO         6182    .ARM.Collect$$$$00002712  mc_w.l(entry2.o)
    0x080001dc   0x080001dc   0x000000c2   Code   RO         5686    .emb_text           port.o
    0x0800029e   0x0800029e   0x00000002   PAD
    0x080002a0   0x080002a0   0x00000024   Code   RO            4    .text               startup_stm32f746xx.o
    0x080002c4   0x080002c4   0x00000062   Code   RO         6143    .text               mc_w.l(uldiv.o)
    0x08000326   0x08000326   0x00000024   Code   RO         6145    .text               mc_w.l(memcpya.o)
    0x0800034a   0x0800034a   0x00000024   Code   RO         6149    .text               mc_w.l(memseta.o)
    0x0800036e   0x0800036e   0x0000001e   Code   RO         6195    .text               mc_w.l(llshl.o)
    0x0800038c   0x0800038c   0x00000020   Code   RO         6197    .text               mc_w.l(llushr.o)
    0x080003ac   0x080003ac   0x00000024   Code   RO         6201    .text               mc_w.l(init.o)
    0x080003d0   0x080003d0   0x00000056   Code   RO         6211    .text               mc_w.l(__dczerorl2.o)
    0x08000426   0x08000426   0x00000002   Code   RO          764    i.BusFault_Handler  stm32f7xx_it.o
    0x08000428   0x08000428   0x00000004   Code   RO          701    i.CDC_Control_FS    usbd_cdc_if.o
    0x0800042c   0x0800042c   0x00000004   Code   RO          702    i.CDC_DeInit_FS     usbd_cdc_if.o
    0x08000430   0x08000430   0x00000024   Code   RO          703    i.CDC_Init_FS       usbd_cdc_if.o
    0x08000454   0x08000454   0x00000048   Code   RO          262    i.CDC_ReceiveCallBack  main.o
    0x0800049c   0x0800049c   0x00000024   Code   RO          705    i.CDC_Receive_FS    usbd_cdc_if.o
    0x080004c0   0x080004c0   0x00000004   Code   RO          706    i.CDC_TransmitCplt_FS  usbd_cdc_if.o
    0x080004c4   0x080004c4   0x0000002c   Code   RO          707    i.CDC_Transmit_FS   usbd_cdc_if.o
    0x080004f0   0x080004f0   0x00000002   Code   RO          765    i.DebugMon_Handler  stm32f7xx_it.o
    0x080004f2   0x080004f2   0x00000002   Code   RO          263    i.Error_Handler     main.o
    0x080004f4   0x080004f4   0x00000024   Code   RO         2398    i.HAL_Delay         stm32f7xx_hal.o
    0x08000518   0x08000518   0x000001d8   Code   RO         1830    i.HAL_GPIO_Init     stm32f7xx_hal_gpio.o
    0x080006f0   0x080006f0   0x0000000a   Code   RO         1832    i.HAL_GPIO_ReadPin  stm32f7xx_hal_gpio.o
    0x080006fa   0x080006fa   0x0000000c   Code   RO         1833    i.HAL_GPIO_TogglePin  stm32f7xx_hal_gpio.o
    0x08000706   0x08000706   0x0000000a   Code   RO         1834    i.HAL_GPIO_WritePin  stm32f7xx_hal_gpio.o
    0x08000710   0x08000710   0x0000000c   Code   RO         2406    i.HAL_GetTick       stm32f7xx_hal.o
    0x0800071c   0x0800071c   0x00000010   Code   RO         2412    i.HAL_IncTick       stm32f7xx_hal.o
    0x0800072c   0x0800072c   0x00000016   Code   RO         2413    i.HAL_Init          stm32f7xx_hal.o
    0x08000742   0x08000742   0x00000002   PAD
    0x08000744   0x08000744   0x00000074   Code   RO          870    i.HAL_InitTick      stm32f7xx_hal_timebase_tim.o
    0x080007b8   0x080007b8   0x00000038   Code   RO          834    i.HAL_MspInit       stm32f7xx_hal_msp.o
    0x080007f0   0x080007f0   0x0000001a   Code   RO         2261    i.HAL_NVIC_EnableIRQ  stm32f7xx_hal_cortex.o
    0x0800080a   0x0800080a   0x00000002   PAD
    0x0800080c   0x0800080c   0x00000040   Code   RO         2267    i.HAL_NVIC_SetPriority  stm32f7xx_hal_cortex.o
    0x0800084c   0x0800084c   0x00000024   Code   RO         2268    i.HAL_NVIC_SetPriorityGrouping  stm32f7xx_hal_cortex.o
    0x08000870   0x08000870   0x00000028   Code   RO         1129    i.HAL_PCDEx_ActivateLPM  stm32f7xx_hal_pcd_ex.o
    0x08000898   0x08000898   0x00000060   Code   RO          408    i.HAL_PCDEx_LPM_Callback  usbd_conf.o
    0x080008f8   0x080008f8   0x00000008   Code   RO         1133    i.HAL_PCDEx_SetRxFiFo  stm32f7xx_hal_pcd_ex.o
    0x08000900   0x08000900   0x00000046   Code   RO         1134    i.HAL_PCDEx_SetTxFiFo  stm32f7xx_hal_pcd_ex.o
    0x08000946   0x08000946   0x00000008   Code   RO          409    i.HAL_PCD_ConnectCallback  usbd_conf.o
    0x0800094e   0x0800094e   0x00000012   Code   RO          410    i.HAL_PCD_DataInStageCallback  usbd_conf.o
    0x08000960   0x08000960   0x00000014   Code   RO          411    i.HAL_PCD_DataOutStageCallback  usbd_conf.o
    0x08000974   0x08000974   0x00000008   Code   RO          412    i.HAL_PCD_DisconnectCallback  usbd_conf.o
    0x0800097c   0x0800097c   0x0000004c   Code   RO          918    i.HAL_PCD_EP_Close  stm32f7xx_hal_pcd.o
    0x080009c8   0x080009c8   0x0000005c   Code   RO          919    i.HAL_PCD_EP_ClrStall  stm32f7xx_hal_pcd.o
    0x08000a24   0x08000a24   0x00000012   Code   RO          921    i.HAL_PCD_EP_GetRxCount  stm32f7xx_hal_pcd.o
    0x08000a36   0x08000a36   0x00000060   Code   RO          922    i.HAL_PCD_EP_Open   stm32f7xx_hal_pcd.o
    0x08000a96   0x08000a96   0x00000044   Code   RO          923    i.HAL_PCD_EP_Receive  stm32f7xx_hal_pcd.o
    0x08000ada   0x08000ada   0x00000074   Code   RO          924    i.HAL_PCD_EP_SetStall  stm32f7xx_hal_pcd.o
    0x08000b4e   0x08000b4e   0x00000044   Code   RO          925    i.HAL_PCD_EP_Transmit  stm32f7xx_hal_pcd.o
    0x08000b92   0x08000b92   0x00000002   PAD
    0x08000b94   0x08000b94   0x00000474   Code   RO          927    i.HAL_PCD_IRQHandler  stm32f7xx_hal_pcd.o
    0x08001008   0x08001008   0x00000008   Code   RO          413    i.HAL_PCD_ISOINIncompleteCallback  usbd_conf.o
    0x08001010   0x08001010   0x00000008   Code   RO          414    i.HAL_PCD_ISOOUTIncompleteCallback  usbd_conf.o
    0x08001018   0x08001018   0x000000f2   Code   RO          930    i.HAL_PCD_Init      stm32f7xx_hal_pcd.o
    0x0800110a   0x0800110a   0x00000002   PAD
    0x0800110c   0x0800110c   0x00000084   Code   RO          416    i.HAL_PCD_MspInit   usbd_conf.o
    0x08001190   0x08001190   0x0000002c   Code   RO          417    i.HAL_PCD_ResetCallback  usbd_conf.o
    0x080011bc   0x080011bc   0x00000008   Code   RO          418    i.HAL_PCD_ResumeCallback  usbd_conf.o
    0x080011c4   0x080011c4   0x00000008   Code   RO          419    i.HAL_PCD_SOFCallback  usbd_conf.o
    0x080011cc   0x080011cc   0x00000028   Code   RO          936    i.HAL_PCD_SetAddress  stm32f7xx_hal_pcd.o
    0x080011f4   0x080011f4   0x0000000e   Code   RO          420    i.HAL_PCD_SetupStageCallback  usbd_conf.o
    0x08001202   0x08001202   0x0000002a   Code   RO          938    i.HAL_PCD_Start     stm32f7xx_hal_pcd.o
    0x0800122c   0x0800122c   0x00000030   Code   RO          421    i.HAL_PCD_SuspendCallback  usbd_conf.o
    0x0800125c   0x0800125c   0x0000006c   Code   RO         2170    i.HAL_PWREx_EnableOverDrive  stm32f7xx_hal_pwr_ex.o
    0x080012c8   0x080012c8   0x00000010   Code   RO         2047    i.HAL_PWR_EnableBkUpAccess  stm32f7xx_hal_pwr.o
    0x080012d8   0x080012d8   0x000004fc   Code   RO         1591    i.HAL_RCCEx_PeriphCLKConfig  stm32f7xx_hal_rcc_ex.o
    0x080017d4   0x080017d4   0x00000130   Code   RO         1484    i.HAL_RCC_ClockConfig  stm32f7xx_hal_rcc.o
    0x08001904   0x08001904   0x00000040   Code   RO         1488    i.HAL_RCC_GetClockConfig  stm32f7xx_hal_rcc.o
    0x08001944   0x08001944   0x0000000c   Code   RO         1489    i.HAL_RCC_GetHCLKFreq  stm32f7xx_hal_rcc.o
    0x08001950   0x08001950   0x00000020   Code   RO         1491    i.HAL_RCC_GetPCLK1Freq  stm32f7xx_hal_rcc.o
    0x08001970   0x08001970   0x00000064   Code   RO         1493    i.HAL_RCC_GetSysClockFreq  stm32f7xx_hal_rcc.o
    0x080019d4   0x080019d4   0x00000094   Code   RO         1494    i.HAL_RCC_MCOConfig  stm32f7xx_hal_rcc.o
    0x08001a68   0x08001a68   0x00000384   Code   RO         1496    i.HAL_RCC_OscConfig  stm32f7xx_hal_rcc.o
    0x08001dec   0x08001dec   0x000000c4   Code   RO         3159    i.HAL_SPI_Init      stm32f7xx_hal_spi.o
    0x08001eb0   0x08001eb0   0x00000064   Code   RO          836    i.HAL_SPI_MspInit   stm32f7xx_hal_msp.o
    0x08001f14   0x08001f14   0x00000182   Code   RO         3162    i.HAL_SPI_Receive   stm32f7xx_hal_spi.o
    0x08002096   0x08002096   0x0000017a   Code   RO         3167    i.HAL_SPI_Transmit  stm32f7xx_hal_spi.o
    0x08002210   0x08002210   0x00000260   Code   RO         3168    i.HAL_SPI_TransmitReceive  stm32f7xx_hal_spi.o
    0x08002470   0x08002470   0x00000002   Code   RO         4186    i.HAL_TIMEx_Break2Callback  stm32f7xx_hal_tim_ex.o
    0x08002472   0x08002472   0x00000002   Code   RO         4187    i.HAL_TIMEx_BreakCallback  stm32f7xx_hal_tim_ex.o
    0x08002474   0x08002474   0x00000002   Code   RO         4188    i.HAL_TIMEx_CommutCallback  stm32f7xx_hal_tim_ex.o
    0x08002476   0x08002476   0x00000036   Code   RO         3501    i.HAL_TIM_Base_Init  stm32f7xx_hal_tim.o
    0x080024ac   0x080024ac   0x00000002   Code   RO         3503    i.HAL_TIM_Base_MspInit  stm32f7xx_hal_tim.o
    0x080024ae   0x080024ae   0x00000002   PAD
    0x080024b0   0x080024b0   0x0000002c   Code   RO         3506    i.HAL_TIM_Base_Start_IT  stm32f7xx_hal_tim.o
    0x080024dc   0x080024dc   0x00000002   Code   RO         3530    i.HAL_TIM_IC_CaptureCallback  stm32f7xx_hal_tim.o
    0x080024de   0x080024de   0x00000182   Code   RO         3544    i.HAL_TIM_IRQHandler  stm32f7xx_hal_tim.o
    0x08002660   0x08002660   0x00000002   Code   RO         3547    i.HAL_TIM_OC_DelayElapsedCallback  stm32f7xx_hal_tim.o
    0x08002662   0x08002662   0x00000002   Code   RO         3574    i.HAL_TIM_PWM_PulseFinishedCallback  stm32f7xx_hal_tim.o
    0x08002664   0x08002664   0x0000000e   Code   RO          264    i.HAL_TIM_PeriodElapsedCallback  main.o
    0x08002672   0x08002672   0x00000002   Code   RO         3587    i.HAL_TIM_TriggerCallback  stm32f7xx_hal_tim.o
    0x08002674   0x08002674   0x00000002   Code   RO          766    i.HardFault_Handler  stm32f7xx_it.o
    0x08002676   0x08002676   0x00000002   PAD
    0x08002678   0x08002678   0x00000038   Code   RO          609    i.IntToUnicode      usbd_desc.o
    0x080026b0   0x080026b0   0x000000dc   Code   RO          265    i.MX_GPIO_Init      main.o
    0x0800278c   0x0800278c   0x00000044   Code   RO          266    i.MX_SPI5_Init      main.o
    0x080027d0   0x080027d0   0x00000054   Code   RO          377    i.MX_USB_DEVICE_Init  usb_device.o
    0x08002824   0x08002824   0x00000002   Code   RO          767    i.MemManage_Handler  stm32f7xx_it.o
    0x08002826   0x08002826   0x00000002   Code   RO          768    i.NMI_Handler       stm32f7xx_it.o
    0x08002828   0x08002828   0x0000000c   Code   RO          769    i.OTG_FS_IRQHandler  stm32f7xx_it.o
    0x08002834   0x08002834   0x000000cc   Code   RO          941    i.PCD_EP_OutXfrComplete_int  stm32f7xx_hal_pcd.o
    0x08002900   0x08002900   0x000000a2   Code   RO          942    i.PCD_WriteEmptyTxFifo  stm32f7xx_hal_pcd.o
    0x080029a2   0x080029a2   0x00000074   Code   RO         3196    i.SPI_EndRxTransaction  stm32f7xx_hal_spi.o
    0x08002a16   0x08002a16   0x00000048   Code   RO         3197    i.SPI_EndRxTxTransaction  stm32f7xx_hal_spi.o
    0x08002a5e   0x08002a5e   0x00000096   Code   RO         3202    i.SPI_WaitFifoStateUntilTimeout  stm32f7xx_hal_spi.o
    0x08002af4   0x08002af4   0x00000094   Code   RO         3203    i.SPI_WaitFlagStateUntilTimeout  stm32f7xx_hal_spi.o
    0x08002b88   0x08002b88   0x0000000a   Code   RO         5904    i.SWAPBYTE          usbd_ctlreq.o
    0x08002b92   0x08002b92   0x0000000c   Code   RO          267    i.StartDefaultTask  main.o
    0x08002b9e   0x08002b9e   0x00000002   PAD
    0x08002ba0   0x08002ba0   0x00000030   Code   RO         5687    i.SysTick_Handler   port.o
    0x08002bd0   0x08002bd0   0x000000c4   Code   RO          268    i.SystemClock_Config  main.o
    0x08002c94   0x08002c94   0x0000001c   Code   RO         4450    i.SystemInit        system_stm32f7xx.o
    0x08002cb0   0x08002cb0   0x0000000c   Code   RO          770    i.TIM2_IRQHandler   stm32f7xx_it.o
    0x08002cbc   0x08002cbc   0x000000cc   Code   RO         3589    i.TIM_Base_SetConfig  stm32f7xx_hal_tim.o
    0x08002d88   0x08002d88   0x00000060   Code   RO         6037    i.USBD_CDC_DataIn   usbd_cdc.o
    0x08002de8   0x08002de8   0x0000002a   Code   RO         6038    i.USBD_CDC_DataOut  usbd_cdc.o
    0x08002e12   0x08002e12   0x0000004a   Code   RO         6039    i.USBD_CDC_DeInit   usbd_cdc.o
    0x08002e5c   0x08002e5c   0x00000024   Code   RO         6040    i.USBD_CDC_EP0_RxReady  usbd_cdc.o
    0x08002e80   0x08002e80   0x0000000c   Code   RO         6041    i.USBD_CDC_GetDeviceQualifierDescriptor  usbd_cdc.o
    0x08002e8c   0x08002e8c   0x0000000c   Code   RO         6042    i.USBD_CDC_GetFSCfgDesc  usbd_cdc.o
    0x08002e98   0x08002e98   0x0000000c   Code   RO         6043    i.USBD_CDC_GetHSCfgDesc  usbd_cdc.o
    0x08002ea4   0x08002ea4   0x0000000c   Code   RO         6044    i.USBD_CDC_GetOtherSpeedCfgDesc  usbd_cdc.o
    0x08002eb0   0x08002eb0   0x000000a2   Code   RO         6045    i.USBD_CDC_Init     usbd_cdc.o
    0x08002f52   0x08002f52   0x00000028   Code   RO         6046    i.USBD_CDC_ReceivePacket  usbd_cdc.o
    0x08002f7a   0x08002f7a   0x0000000e   Code   RO         6047    i.USBD_CDC_RegisterInterface  usbd_cdc.o
    0x08002f88   0x08002f88   0x0000000c   Code   RO         6048    i.USBD_CDC_SetRxBuffer  usbd_cdc.o
    0x08002f94   0x08002f94   0x00000010   Code   RO         6049    i.USBD_CDC_SetTxBuffer  usbd_cdc.o
    0x08002fa4   0x08002fa4   0x000000b2   Code   RO         6050    i.USBD_CDC_Setup    usbd_cdc.o
    0x08003056   0x08003056   0x00000036   Code   RO         6051    i.USBD_CDC_TransmitPacket  usbd_cdc.o
    0x0800308c   0x0800308c   0x00000010   Code   RO         5766    i.USBD_ClrClassConfig  usbd_core.o
    0x0800309c   0x0800309c   0x00000010   Code   RO         5977    i.USBD_CtlContinueRx  usbd_ioreq.o
    0x080030ac   0x080030ac   0x00000010   Code   RO         5978    i.USBD_CtlContinueSendData  usbd_ioreq.o
    0x080030bc   0x080030bc   0x00000016   Code   RO         5905    i.USBD_CtlError     usbd_ctlreq.o
    0x080030d2   0x080030d2   0x0000001e   Code   RO         5979    i.USBD_CtlPrepareRx  usbd_ioreq.o
    0x080030f0   0x080030f0   0x00000016   Code   RO         5980    i.USBD_CtlReceiveStatus  usbd_ioreq.o
    0x08003106   0x08003106   0x0000001a   Code   RO         5981    i.USBD_CtlSendData  usbd_ioreq.o
    0x08003120   0x08003120   0x00000016   Code   RO         5982    i.USBD_CtlSendStatus  usbd_ioreq.o
    0x08003136   0x08003136   0x00000002   PAD
    0x08003138   0x08003138   0x00000020   Code   RO          610    i.USBD_FS_ConfigStrDescriptor  usbd_desc.o
    0x08003158   0x08003158   0x0000000c   Code   RO          611    i.USBD_FS_DeviceDescriptor  usbd_desc.o
    0x08003164   0x08003164   0x00000024   Code   RO          612    i.USBD_FS_InterfaceStrDescriptor  usbd_desc.o
    0x08003188   0x08003188   0x0000000c   Code   RO          613    i.USBD_FS_LangIDStrDescriptor  usbd_desc.o
    0x08003194   0x08003194   0x00000028   Code   RO          614    i.USBD_FS_ManufacturerStrDescriptor  usbd_desc.o
    0x080031bc   0x080031bc   0x0000002c   Code   RO          615    i.USBD_FS_ProductStrDescriptor  usbd_desc.o
    0x080031e8   0x080031e8   0x0000003c   Code   RO          616    i.USBD_FS_SerialStrDescriptor  usbd_desc.o
    0x08003224   0x08003224   0x0000000c   Code   RO          617    i.USBD_FS_USR_BOSDescriptor  usbd_desc.o
    0x08003230   0x08003230   0x000000fa   Code   RO         5906    i.USBD_GetDescriptor  usbd_ctlreq.o
    0x0800332a   0x0800332a   0x0000004a   Code   RO         5907    i.USBD_GetString    usbd_ctlreq.o
    0x08003374   0x08003374   0x00000018   Code   RO          422    i.USBD_Get_USB_Status  usbd_conf.o
    0x0800338c   0x0800338c   0x00000034   Code   RO         5768    i.USBD_Init         usbd_core.o
    0x080033c0   0x080033c0   0x00000012   Code   RO          423    i.USBD_LL_ClearStallEP  usbd_conf.o
    0x080033d2   0x080033d2   0x00000012   Code   RO          424    i.USBD_LL_CloseEP   usbd_conf.o
    0x080033e4   0x080033e4   0x000000aa   Code   RO         5769    i.USBD_LL_DataInStage  usbd_core.o
    0x0800348e   0x0800348e   0x0000006e   Code   RO         5770    i.USBD_LL_DataOutStage  usbd_core.o
    0x080034fc   0x080034fc   0x00000004   Code   RO         5771    i.USBD_LL_DevConnected  usbd_core.o
    0x08003500   0x08003500   0x0000001a   Code   RO         5772    i.USBD_LL_DevDisconnected  usbd_core.o
    0x0800351a   0x0800351a   0x00000008   Code   RO          428    i.USBD_LL_GetRxDataSize  usbd_conf.o
    0x08003522   0x08003522   0x00000002   PAD
    0x08003524   0x08003524   0x00000060   Code   RO          429    i.USBD_LL_Init      usbd_conf.o
    0x08003584   0x08003584   0x00000020   Code   RO          430    i.USBD_LL_IsStallEP  usbd_conf.o
    0x080035a4   0x080035a4   0x00000004   Code   RO         5773    i.USBD_LL_IsoINIncomplete  usbd_core.o
    0x080035a8   0x080035a8   0x00000004   Code   RO         5774    i.USBD_LL_IsoOUTIncomplete  usbd_core.o
    0x080035ac   0x080035ac   0x00000018   Code   RO          431    i.USBD_LL_OpenEP    usbd_conf.o
    0x080035c4   0x080035c4   0x00000012   Code   RO          432    i.USBD_LL_PrepareReceive  usbd_conf.o
    0x080035d6   0x080035d6   0x00000052   Code   RO         5775    i.USBD_LL_Reset     usbd_core.o
    0x08003628   0x08003628   0x00000014   Code   RO         5776    i.USBD_LL_Resume    usbd_core.o
    0x0800363c   0x0800363c   0x00000018   Code   RO         5777    i.USBD_LL_SOF       usbd_core.o
    0x08003654   0x08003654   0x00000006   Code   RO         5778    i.USBD_LL_SetSpeed  usbd_core.o
    0x0800365a   0x0800365a   0x00000012   Code   RO          433    i.USBD_LL_SetUSBAddress  usbd_conf.o
    0x0800366c   0x0800366c   0x0000005c   Code   RO         5779    i.USBD_LL_SetupStage  usbd_core.o
    0x080036c8   0x080036c8   0x00000012   Code   RO          434    i.USBD_LL_StallEP   usbd_conf.o
    0x080036da   0x080036da   0x00000012   Code   RO          435    i.USBD_LL_Start     usbd_conf.o
    0x080036ec   0x080036ec   0x00000012   Code   RO         5780    i.USBD_LL_Suspend   usbd_core.o
    0x080036fe   0x080036fe   0x00000012   Code   RO          437    i.USBD_LL_Transmit  usbd_conf.o
    0x08003710   0x08003710   0x0000002a   Code   RO         5908    i.USBD_ParseSetupRequest  usbd_ctlreq.o
    0x0800373a   0x0800373a   0x00000022   Code   RO         5781    i.USBD_RegisterClass  usbd_core.o
    0x0800375c   0x0800375c   0x00000014   Code   RO         5783    i.USBD_SetClassConfig  usbd_core.o
    0x08003770   0x08003770   0x000000bc   Code   RO         5909    i.USBD_SetConfig    usbd_ctlreq.o
    0x0800382c   0x0800382c   0x00000004   Code   RO         5784    i.USBD_Start        usbd_core.o
    0x08003830   0x08003830   0x00000116   Code   RO         5910    i.USBD_StdDevReq    usbd_ctlreq.o
    0x08003946   0x08003946   0x0000014c   Code   RO         5911    i.USBD_StdEPReq     usbd_ctlreq.o
    0x08003a92   0x08003a92   0x00000054   Code   RO         5912    i.USBD_StdItfReq    usbd_ctlreq.o
    0x08003ae6   0x08003ae6   0x00000002   PAD
    0x08003ae8   0x08003ae8   0x00000080   Code   RO         1184    i.USB_ActivateEndpoint  stm32f7xx_ll_usb.o
    0x08003b68   0x08003b68   0x0000001c   Code   RO         1186    i.USB_ActivateSetup  stm32f7xx_ll_usb.o
    0x08003b84   0x08003b84   0x0000006c   Code   RO         1188    i.USB_CoreInit      stm32f7xx_ll_usb.o
    0x08003bf0   0x08003bf0   0x00000038   Code   RO         1189    i.USB_CoreReset     stm32f7xx_ll_usb.o
    0x08003c28   0x08003c28   0x000000cc   Code   RO         1192    i.USB_DeactivateEndpoint  stm32f7xx_ll_usb.o
    0x08003cf4   0x08003cf4   0x00000018   Code   RO         1193    i.USB_DevConnect    stm32f7xx_ll_usb.o
    0x08003d0c   0x08003d0c   0x00000018   Code   RO         1194    i.USB_DevDisconnect  stm32f7xx_ll_usb.o
    0x08003d24   0x08003d24   0x0000017c   Code   RO         1195    i.USB_DevInit       stm32f7xx_ll_usb.o
    0x08003ea0   0x08003ea0   0x0000000c   Code   RO         1196    i.USB_DisableGlobalInt  stm32f7xx_ll_usb.o
    0x08003eac   0x08003eac   0x0000011c   Code   RO         1199    i.USB_EP0StartXfer  stm32f7xx_ll_usb.o
    0x08003fc8   0x08003fc8   0x00000058   Code   RO         1200    i.USB_EP0_OutStart  stm32f7xx_ll_usb.o
    0x08004020   0x08004020   0x00000058   Code   RO         1201    i.USB_EPClearStall  stm32f7xx_ll_usb.o
    0x08004078   0x08004078   0x00000058   Code   RO         1202    i.USB_EPSetStall    stm32f7xx_ll_usb.o
    0x080040d0   0x080040d0   0x000001e8   Code   RO         1203    i.USB_EPStartXfer   stm32f7xx_ll_usb.o
    0x080042b8   0x080042b8   0x0000000c   Code   RO         1204    i.USB_EnableGlobalInt  stm32f7xx_ll_usb.o
    0x080042c4   0x080042c4   0x00000020   Code   RO         1205    i.USB_FlushRxFifo   stm32f7xx_ll_usb.o
    0x080042e4   0x080042e4   0x00000024   Code   RO         1206    i.USB_FlushTxFifo   stm32f7xx_ll_usb.o
    0x08004308   0x08004308   0x0000001a   Code   RO         1208    i.USB_GetDevSpeed   stm32f7xx_ll_usb.o
    0x08004322   0x08004322   0x00000008   Code   RO         1210    i.USB_GetMode       stm32f7xx_ll_usb.o
    0x0800432a   0x0800432a   0x0000000e   Code   RO         1217    i.USB_ReadDevAllInEpInterrupt  stm32f7xx_ll_usb.o
    0x08004338   0x08004338   0x0000000e   Code   RO         1218    i.USB_ReadDevAllOutEpInterrupt  stm32f7xx_ll_usb.o
    0x08004346   0x08004346   0x00000024   Code   RO         1219    i.USB_ReadDevInEPInterrupt  stm32f7xx_ll_usb.o
    0x0800436a   0x0800436a   0x00000010   Code   RO         1220    i.USB_ReadDevOutEPInterrupt  stm32f7xx_ll_usb.o
    0x0800437a   0x0800437a   0x00000008   Code   RO         1221    i.USB_ReadInterrupts  stm32f7xx_ll_usb.o
    0x08004382   0x08004382   0x0000001c   Code   RO         1222    i.USB_ReadPacket    stm32f7xx_ll_usb.o
    0x0800439e   0x0800439e   0x0000002e   Code   RO         1224    i.USB_SetCurrentMode  stm32f7xx_ll_usb.o
    0x080043cc   0x080043cc   0x00000022   Code   RO         1225    i.USB_SetDevAddress  stm32f7xx_ll_usb.o
    0x080043ee   0x080043ee   0x00000002   PAD
    0x080043f0   0x080043f0   0x000000e8   Code   RO         1227    i.USB_SetTurnaroundTime  stm32f7xx_ll_usb.o
    0x080044d8   0x080044d8   0x00000024   Code   RO         1230    i.USB_WritePacket   stm32f7xx_ll_usb.o
    0x080044fc   0x080044fc   0x00000002   Code   RO          771    i.UsageFault_Handler  stm32f7xx_it.o
    0x080044fe   0x080044fe   0x00000022   Code   RO         2274    i.__NVIC_SetPriority  stm32f7xx_hal_cortex.o
    0x08004520   0x08004520   0x0000000e   Code   RO         6205    i.__scatterload_copy  mc_w.l(handlers.o)
    0x0800452e   0x0800452e   0x00000002   Code   RO         6206    i.__scatterload_null  mc_w.l(handlers.o)
    0x08004530   0x08004530   0x0000000e   Code   RO         6207    i.__scatterload_zeroinit  mc_w.l(handlers.o)
    0x0800453e   0x0800453e   0x00000002   PAD
    0x08004540   0x08004540   0x00000050   Code   RO         6153    i.free              mc_w.l(malloc.o)
    0x08004590   0x08004590   0x000000cc   Code   RO          269    i.main              main.o
    0x0800465c   0x0800465c   0x0000000e   Code   RO         5258    i.makeFreeRtosPriority  cmsis_os.o
    0x0800466a   0x0800466a   0x00000002   PAD
    0x0800466c   0x0800466c   0x0000006c   Code   RO         6154    i.malloc            mc_w.l(malloc.o)
    0x080046d8   0x080046d8   0x0000000e   Code   RO         5260    i.osDelay           cmsis_os.o
    0x080046e6   0x080046e6   0x0000000a   Code   RO         5263    i.osKernelStart     cmsis_os.o
    0x080046f0   0x080046f0   0x00000054   Code   RO         5297    i.osThreadCreate    cmsis_os.o
    0x08004744   0x08004744   0x00000070   Code   RO         4952    i.prvAddCurrentTaskToDelayedList  tasks.o
    0x080047b4   0x080047b4   0x000000d0   Code   RO         4953    i.prvAddNewTaskToReadyList  tasks.o
    0x08004884   0x08004884   0x00000038   Code   RO         4954    i.prvDeleteTCB      tasks.o
    0x080048bc   0x080048bc   0x00000050   Code   RO         5625    i.prvHeapInit       heap_4.o
    0x0800490c   0x0800490c   0x00000060   Code   RO         4955    i.prvIdleTask       tasks.o
    0x0800496c   0x0800496c   0x00000016   Code   RO         4631    i.prvInitialiseNewQueue  queue.o
    0x08004982   0x08004982   0x0000009e   Code   RO         4956    i.prvInitialiseNewTask  tasks.o
    0x08004a20   0x08004a20   0x0000004c   Code   RO         5626    i.prvInsertBlockIntoFreeList  heap_4.o
    0x08004a6c   0x08004a6c   0x00000020   Code   RO         4957    i.prvResetNextTaskUnblockTime  tasks.o
    0x08004a8c   0x08004a8c   0x00000030   Code   RO         5688    i.prvTaskExitError  port.o
    0x08004abc   0x08004abc   0x000000e4   Code   RO         5627    i.pvPortMalloc      heap_4.o
    0x08004ba0   0x08004ba0   0x00000030   Code   RO         5689    i.pxPortInitialiseStack  port.o
    0x08004bd0   0x08004bd0   0x00000026   Code   RO         4588    i.uxListRemove      list.o
    0x08004bf6   0x08004bf6   0x00000002   PAD
    0x08004bf8   0x08004bf8   0x00000018   Code   RO          343    i.vApplicationGetIdleTaskMemory  freertos.o
    0x08004c10   0x08004c10   0x00000016   Code   RO         4589    i.vListInitialise   list.o
    0x08004c26   0x08004c26   0x00000006   Code   RO         4590    i.vListInitialiseItem  list.o
    0x08004c2c   0x08004c2c   0x00000030   Code   RO         4591    i.vListInsert       list.o
    0x08004c5c   0x08004c5c   0x00000018   Code   RO         4592    i.vListInsertEnd    list.o
    0x08004c74   0x08004c74   0x00000048   Code   RO         5691    i.vPortEnterCritical  port.o
    0x08004cbc   0x08004cbc   0x0000002c   Code   RO         5692    i.vPortExitCritical  port.o
    0x08004ce8   0x08004ce8   0x00000064   Code   RO         5628    i.vPortFree         heap_4.o
    0x08004d4c   0x08004d4c   0x00000024   Code   RO         5693    i.vPortSetupTimerInterrupt  port.o
    0x08004d70   0x08004d70   0x00000050   Code   RO         4965    i.vTaskDelay        tasks.o
    0x08004dc0   0x08004dc0   0x00000070   Code   RO         4978    i.vTaskStartScheduler  tasks.o
    0x08004e30   0x08004e30   0x00000010   Code   RO         4980    i.vTaskSuspendAll   tasks.o
    0x08004e40   0x08004e40   0x00000060   Code   RO         4981    i.vTaskSwitchContext  tasks.o
    0x08004ea0   0x08004ea0   0x0000001c   Code   RO           13    i.wTask_LED         vtask_list.o
    0x08004ebc   0x08004ebc   0x0000004c   Code   RO           14    i.wTask_MotorCtr    vtask_list.o
    0x08004f08   0x08004f08   0x00000038   Code   RO           15    i.wTask_USB_FS      vtask_list.o
    0x08004f40   0x08004f40   0x000000c0   Code   RO         5695    i.xPortStartScheduler  port.o
    0x08005000   0x08005000   0x0000004c   Code   RO         4642    i.xQueueGenericCreate  queue.o
    0x0800504c   0x0800504c   0x00000098   Code   RO         4644    i.xQueueGenericReset  queue.o
    0x080050e4   0x080050e4   0x0000005a   Code   RO         4983    i.xTaskCreate       tasks.o
    0x0800513e   0x0800513e   0x0000005e   Code   RO         4984    i.xTaskCreateStatic  tasks.o
    0x0800519c   0x0800519c   0x000000cc   Code   RO         4991    i.xTaskIncrementTick  tasks.o
    0x08005268   0x08005268   0x00000078   Code   RO         4996    i.xTaskRemoveFromEventList  tasks.o
    0x080052e0   0x080052e0   0x000000c8   Code   RO         4997    i.xTaskResumeAll    tasks.o
    0x080053a8   0x080053a8   0x0000001c   Data   RO          273    .constdata          main.o
    0x080053c4   0x080053c4   0x00000010   Data   RO         4451    .constdata          system_stm32f7xx.o
    0x080053d4   0x080053d4   0x00000008   Data   RO         4452    .constdata          system_stm32f7xx.o
    0x080053dc   0x080053dc   0x0000000c   Data   RO          274    .conststring        main.o
    0x080053e8   0x080053e8   0x00000020   Data   RO         6203    Region$$Table       anon$$obj.o


    Execution Region RW_IRAM1 (Exec base: 0x20000000, Load base: 0x08005408, Size: 0x0000bb10, Max: 0x00050000, ABSOLUTE, COMPRESSED[0x000000dc])

    Exec Addr    Load Addr    Size         Type   Attr      Idx    E Section Name        Object

    0x20000000   COMPRESSED   0x0000004d   Data   RW          275    .data               main.o
    0x2000004d   COMPRESSED   0x00000005   Data   RW          276    .data               main.o
    0x20000052   COMPRESSED   0x00000002   PAD
    0x20000054   COMPRESSED   0x00000020   Data   RW          619    .data               usbd_desc.o
    0x20000074   COMPRESSED   0x0000003e   Data   RW          620    .data               usbd_desc.o
    0x200000b2   COMPRESSED   0x00000002   PAD
    0x200000b4   COMPRESSED   0x00000014   Data   RW          709    .data               usbd_cdc_if.o
    0x200000c8   COMPRESSED   0x0000000c   Data   RW         2420    .data               stm32f7xx_hal.o
    0x200000d4   COMPRESSED   0x00000004   Data   RW         4453    .data               system_stm32f7xx.o
    0x200000d8   COMPRESSED   0x0000003c   Data   RW         5000    .data               tasks.o
    0x20000114   COMPRESSED   0x00000018   Data   RW         5633    .data               heap_4.o
    0x2000012c   COMPRESSED   0x0000000c   Data   RW         5696    .data               port.o
    0x20000138   COMPRESSED   0x00000001   Data   RW         5913    .data               usbd_ctlreq.o
    0x20000139   COMPRESSED   0x00000003   PAD
    0x2000013c   COMPRESSED   0x000000d7   Data   RW         6052    .data               usbd_cdc.o
    0x20000213   COMPRESSED   0x00000001   PAD
    0x20000214   COMPRESSED   0x00000038   Data   RW         6053    .data               usbd_cdc.o
    0x2000024c   COMPRESSED   0x00000004   Data   RW         6199    .data               mc_w.l(mvars.o)
    0x20000250   COMPRESSED   0x00000004   Data   RW         6200    .data               mc_w.l(mvars.o)
    0x20000254        -       0x00000064   Zero   RW          270    .bss                main.o
    0x200002b8        -       0x00000254   Zero   RW          344    .bss                freertos.o
    0x2000050c        -       0x000002d0   Zero   RW          378    .bss                usb_device.o
    0x200007dc        -       0x00000404   Zero   RW          438    .bss                usbd_conf.o
    0x20000be0        -       0x00000200   Zero   RW          618    .bss                usbd_desc.o
    0x20000de0        -       0x00001000   Zero   RW          708    .bss                usbd_cdc_if.o
    0x20001de0        -       0x00000040   Zero   RW          873    .bss                stm32f7xx_hal_timebase_tim.o
    0x20001e20        -       0x000000f0   Zero   RW         4999    .bss                tasks.o
    0x20001f10        -       0x00003c00   Zero   RW         5632    .bss                heap_4.o
    0x20005b10        -       0x00002000   Zero   RW            2    HEAP                startup_stm32f746xx.o
    0x20007b10        -       0x00004000   Zero   RW            1    STACK               startup_stm32f746xx.o


==============================================================================

Image component sizes


      Code (inc. data)   RO Data    RW Data    ZI Data      Debug   Object Name

       122          0          0          0          0      23369   cmsis_os.o
         0          0          0          0          0      18964   event_groups.o
        24          6          0          0        596       1312   freertos.o
       484         24          0         24      15360       7571   heap_4.o
       138          0          0          0          0       3710   list.o
       788        106         40         82        100      10668   main.o
       682         70          0         12          0      11348   port.o
       250          4          0          0          0       7691   queue.o
        36          8        456          0      24576        864   startup_stm32f746xx.o
        86         14          0         12          0       8530   stm32f7xx_hal.o
       160         12          0          0          0      38326   stm32f7xx_hal_cortex.o
       504         52          0          0          0       3980   stm32f7xx_hal_gpio.o
       156         16          0          0          0       1628   stm32f7xx_hal_msp.o
      2364         16          0          0          0      13241   stm32f7xx_hal_pcd.o
       118          6          0          0          0       2604   stm32f7xx_hal_pcd_ex.o
        16          4          0          0          0        571   stm32f7xx_hal_pwr.o
       108          8          0          0          0       1320   stm32f7xx_hal_pwr_ex.o
      1560         88          0          0          0       6894   stm32f7xx_hal_rcc.o
      1276         16          0          0          0       2336   stm32f7xx_hal_rcc_ex.o
      2054          0          0          0          0       9970   stm32f7xx_hal_spi.o
       698         50          0          0          0       7556   stm32f7xx_hal_tim.o
         6          0          0          0          0       2264   stm32f7xx_hal_tim_ex.o
       116         14          0          0         64       1483   stm32f7xx_hal_timebase_tim.o
        36         12          0          0          0       3863   stm32f7xx_it.o
      2578        128          0          0          0      23551   stm32f7xx_ll_usb.o
         0          0          0          0          0        392   stream_buffer.o
        28          6         24          4          0       1219   system_stm32f7xx.o
      1674        116          0         60        240      21129   tasks.o
        84         18          0          0        720        840   usb_device.o
       772         16          0        271          0      14001   usbd_cdc.o
       128         22          0         20       4096       4064   usbd_cdc_if.o
       730         22          0          0       1028      16389   usbd_conf.o
       686          0          0          0          0      12877   usbd_core.o
      1280         20          0          1          0      14404   usbd_ctlreq.o
       304        110          0         94        512       6869   usbd_desc.o
       132          0          0          0          0       4720   usbd_ioreq.o
       160         30          0          0          0     858815   vtask_list.o

    ----------------------------------------------------------------------
     20366       1014        552        588      47292    1169333   Object Totals
         0          0         32          0          0          0   (incl. Generated)
        28          0          0          8          0          0   (incl. Padding)

    ----------------------------------------------------------------------

      Code (inc. data)   RO Data    RW Data    ZI Data      Debug   Library Member Name

        86          0          0          0          0          0   __dczerorl2.o
         0          0          0          0          0          0   entry.o
         0          0          0          0          0          0   entry10a.o
         0          0          0          0          0          0   entry11a.o
         8          4          0          0          0          0   entry2.o
         4          0          0          0          0          0   entry5.o
         0          0          0          0          0          0   entry7b.o
         0          0          0          0          0          0   entry8b.o
         8          4          0          0          0          0   entry9a.o
        30          0          0          0          0          0   handlers.o
        36          8          0          0          0         68   init.o
        30          0          0          0          0         68   llshl.o
        32          0          0          0          0         68   llushr.o
       188         20          0          0          0        160   malloc.o
        36          0          0          0          0         68   memcpya.o
        36          0          0          0          0        108   memseta.o
         0          0          0          8          0          0   mvars.o
        98          0          0          0          0         92   uldiv.o

    ----------------------------------------------------------------------
       594         36          0          8          0        632   Library Totals
         2          0          0          0          0          0   (incl. Padding)

    ----------------------------------------------------------------------

      Code (inc. data)   RO Data    RW Data    ZI Data      Debug   Library Name

       592         36          0          8          0        632   mc_w.l

    ----------------------------------------------------------------------
       594         36          0          8          0        632   Library Totals

    ----------------------------------------------------------------------

==============================================================================


      Code (inc. data)   RO Data    RW Data    ZI Data      Debug   

     20960       1050        552        596      47292    1146889   Grand Totals
     20960       1050        552        220      47292    1146889   ELF Image Totals (compressed)
     20960       1050        552        220          0          0   ROM Totals

==============================================================================

    Total RO  Size (Code + RO Data)                21512 (  21.01kB)
    Total RW  Size (RW Data + ZI Data)             47888 (  46.77kB)
    Total ROM Size (Code + RO Data + RW Data)      21732 (  21.22kB)

==============================================================================

